Component: ARM Compiler 5.06 update 1 (build 61) Tool: armlink [4d35a8]

==============================================================================

Section Cross References

    main.o(i.AddUIDToFile) refers to _printf_pad.o(.text) for _printf_pre_padding
    main.o(i.AddUIDToFile) refers to _printf_percent.o(.ARM.Collect$$_printf_percent$$00000000) for _printf_percent
    main.o(i.AddUIDToFile) refers to _printf_x.o(.ARM.Collect$$_printf_percent$$0000000C) for _printf_x
    main.o(i.AddUIDToFile) refers to _printf_hex_int.o(.text) for _printf_longlong_hex
    main.o(i.AddUIDToFile) refers to noretval__2sprintf.o(.text) for __2sprintf
    main.o(i.AddUIDToFile) refers to main.o(i.MX_SPI1_Init) for MX_SPI1_Init
    main.o(i.AddUIDToFile) refers to fatfs.o(i.MX_FATFS_Init) for MX_FATFS_Init
    main.o(i.AddUIDToFile) refers to ff.o(i.f_mount) for f_mount
    main.o(i.AddUIDToFile) refers to main.o(i.UART_SendString) for UART_SendString
    main.o(i.AddUIDToFile) refers to ff.o(i.f_open) for f_open
    main.o(i.AddUIDToFile) refers to ff.o(i.f_lseek) for f_lseek
    main.o(i.AddUIDToFile) refers to strcspn.o(.text) for strcspn
    main.o(i.AddUIDToFile) refers to strcmpv7m.o(.text) for strcmp
    main.o(i.AddUIDToFile) refers to ff.o(i.f_gets) for f_gets
    main.o(i.AddUIDToFile) refers to strlen.o(.text) for strlen
    main.o(i.AddUIDToFile) refers to ff.o(i.f_write) for f_write
    main.o(i.AddUIDToFile) refers to ff.o(i.f_close) for f_close
    main.o(i.AddUIDToFile) refers to main.o(i.MX_SPI1_DeInit) for MX_SPI1_DeInit
    main.o(i.AddUIDToFile) refers to fatfs.o(i.MX_FATFS_DeInit) for MX_FATFS_DeInit
    main.o(i.AddUIDToFile) refers to main.o(.bss) for .bss
    main.o(i.AddUIDToFile) refers to main.o(.data) for .data
    main.o(i.AutCard) refers to _printf_pad.o(.text) for _printf_pre_padding
    main.o(i.AutCard) refers to _printf_percent.o(.ARM.Collect$$_printf_percent$$00000000) for _printf_percent
    main.o(i.AutCard) refers to _printf_x.o(.ARM.Collect$$_printf_percent$$0000000C) for _printf_x
    main.o(i.AutCard) refers to _printf_hex_int.o(.text) for _printf_longlong_hex
    main.o(i.AutCard) refers to main.o(i.MX_SPI1_Init) for MX_SPI1_Init
    main.o(i.AutCard) refers to fatfs.o(i.MX_FATFS_Init) for MX_FATFS_Init
    main.o(i.AutCard) refers to ff.o(i.f_mount) for f_mount
    main.o(i.AutCard) refers to noretval__2sprintf.o(.text) for __2sprintf
    main.o(i.AutCard) refers to main.o(i.UART_SendString) for UART_SendString
    main.o(i.AutCard) refers to ff.o(i.f_open) for f_open
    main.o(i.AutCard) refers to ff.o(i.f_lseek) for f_lseek
    main.o(i.AutCard) refers to ff.o(i.f_gets) for f_gets
    main.o(i.AutCard) refers to strcspn.o(.text) for strcspn
    main.o(i.AutCard) refers to strstr.o(.text) for strstr
    main.o(i.AutCard) refers to fatfs.o(i.MX_FATFS_DeInit) for MX_FATFS_DeInit
    main.o(i.AutCard) refers to main.o(i.MX_SPI1_DeInit) for MX_SPI1_DeInit
    main.o(i.AutCard) refers to main.o(.bss) for .bss
    main.o(i.AutCard) refers to main.o(.data) for .data
    main.o(i.EXTI9_5_IRQHandler) refers to stm32f10x_exti.o(i.EXTI_GetITStatus) for EXTI_GetITStatus
    main.o(i.EXTI9_5_IRQHandler) refers to main.o(i.RemoveUIDFromFile) for RemoveUIDFromFile
    main.o(i.EXTI9_5_IRQHandler) refers to stm32f10x_exti.o(i.EXTI_ClearITPendingBit) for EXTI_ClearITPendingBit
    main.o(i.EXTI9_5_IRQHandler) refers to main.o(i.AddUIDToFile) for AddUIDToFile
    main.o(i.EXTI9_5_IRQHandler) refers to main.o(.data) for .data
    main.o(i.EXTI_Config) refers to stm32f10x_gpio.o(i.GPIO_EXTILineConfig) for GPIO_EXTILineConfig
    main.o(i.EXTI_Config) refers to stm32f10x_exti.o(i.EXTI_Init) for EXTI_Init
    main.o(i.EXTI_Config) refers to misc.o(i.NVIC_Init) for NVIC_Init
    main.o(i.MX_GPIO_Init) refers to stm32f10x_gpio.o(i.GPIO_ResetBits) for GPIO_ResetBits
    main.o(i.MX_GPIO_Init) refers to stm32f10x_gpio.o(i.GPIO_SetBits) for GPIO_SetBits
    main.o(i.MX_GPIO_Init) refers to stm32f10x_gpio.o(i.GPIO_Init) for GPIO_Init
    main.o(i.MX_GPIO_Init) refers to stm32f10x_gpio.o(i.GPIO_PinRemapConfig) for GPIO_PinRemapConfig
    main.o(i.MX_I2C1_Init) refers to stm32f10x_i2c.o(i.I2C_DeInit) for I2C_DeInit
    main.o(i.MX_I2C1_Init) refers to stm32f10x_i2c.o(i.I2C_Cmd) for I2C_Cmd
    main.o(i.MX_I2C1_Init) refers to stm32f10x_i2c.o(i.I2C_Init) for I2C_Init
    main.o(i.MX_I2C1_Init) refers to stm32f10x_gpio.o(i.GPIO_Init) for GPIO_Init
    main.o(i.MX_I2C1_Init) refers to stm32f10x_gpio.o(i.GPIO_SetBits) for GPIO_SetBits
    main.o(i.MX_I2C1_Init) refers to delay.o(i.Delay_Us) for Delay_Us
    main.o(i.MX_I2C1_Init) refers to stm32f10x_gpio.o(i.GPIO_ResetBits) for GPIO_ResetBits
    main.o(i.MX_SPI1_DeInit) refers to stm32f10x_spi.o(i.SPI_Cmd) for SPI_Cmd
    main.o(i.MX_SPI1_DeInit) refers to stm32f10x_spi.o(i.SPI_I2S_DeInit) for SPI_I2S_DeInit
    main.o(i.MX_SPI1_DeInit) refers to stm32f10x_gpio.o(i.GPIO_Init) for GPIO_Init
[...]
    .ARM.Collect$$libinit$$0000000C          0x0800016c   Section        0  libinit2.o(.ARM.Collect$$libinit$$0000000C)
    .ARM.Collect$$libinit$$0000000E          0x0800016c   Section        0  libinit2.o(.ARM.Collect$$libinit$$0000000E)
    .ARM.Collect$$libinit$$00000011          0x0800016c   Section        0  libinit2.o(.ARM.Collect$$libinit$$00000011)
    .ARM.Collect$$libinit$$00000013          0x0800016c   Section        0  libinit2.o(.ARM.Collect$$libinit$$00000013)
    .ARM.Collect$$libinit$$00000015          0x0800016c   Section        0  libinit2.o(.ARM.Collect$$libinit$$00000015)
    .ARM.Collect$$libinit$$00000017          0x0800016c   Section        0  libinit2.o(.ARM.Collect$$libinit$$00000017)
    .ARM.Collect$$libinit$$00000019          0x0800016c   Section        0  libinit2.o(.ARM.Collect$$libinit$$00000019)
    .ARM.Collect$$libinit$$0000001B          0x0800016c   Section        0  libinit2.o(.ARM.Collect$$libinit$$0000001B)
    .ARM.Collect$$libinit$$0000001D          0x0800016c   Section        0  libinit2.o(.ARM.Collect$$libinit$$0000001D)
    .ARM.Collect$$libinit$$0000001F          0x0800016c   Section        0  libinit2.o(.ARM.Collect$$libinit$$0000001F)
    .ARM.Collect$$libinit$$00000021          0x0800016c   Section        0  libinit2.o(.ARM.Collect$$libinit$$00000021)
    .ARM.Collect$$libinit$$00000023          0x0800016c   Section        0  libinit2.o(.ARM.Collect$$libinit$$00000023)
    .ARM.Collect$$libinit$$00000025          0x0800016c   Section        0  libinit2.o(.ARM.Collect$$libinit$$00000025)
    .ARM.Collect$$libinit$$0000002C          0x0800016c   Section        0  libinit2.o(.ARM.Collect$$libinit$$0000002C)
    .ARM.Collect$$libinit$$0000002E          0x0800016c   Section        0  libinit2.o(.ARM.Collect$$libinit$$0000002E)
    .ARM.Collect$$libinit$$00000030          0x0800016c   Section        0  libinit2.o(.ARM.Collect$$libinit$$00000030)
    .ARM.Collect$$libinit$$00000032          0x0800016c   Section        0  libinit2.o(.ARM.Collect$$libinit$$00000032)
    .ARM.Collect$$libinit$$00000033          0x0800016c   Section        2  libinit2.o(.ARM.Collect$$libinit$$00000033)
    .ARM.Collect$$libshutdown$$00000000      0x0800016e   Section        2  libshutdown.o(.ARM.Collect$$libshutdown$$00000000)
    .ARM.Collect$$libshutdown$$00000002      0x08000170   Section        0  libshutdown2.o(.ARM.Collect$$libshutdown$$00000002)
    .ARM.Collect$$libshutdown$$00000004      0x08000170   Section        0  libshutdown2.o(.ARM.Collect$$libshutdown$$00000004)
    .ARM.Collect$$libshutdown$$00000007      0x08000170   Section        0  libshutdown2.o(.ARM.Collect$$libshutdown$$00000007)
    .ARM.Collect$$libshutdown$$0000000A      0x08000170   Section        0  libshutdown2.o(.ARM.Collect$$libshutdown$$0000000A)
    .ARM.Collect$$libshutdown$$0000000C      0x08000170   Section        0  libshutdown2.o(.ARM.Collect$$libshutdown$$0000000C)
    .ARM.Collect$$libshutdown$$0000000F      0x08000170   Section        0  libshutdown2.o(.ARM.Collect$$libshutdown$$0000000F)
    .ARM.Collect$$libshutdown$$00000010      0x08000170   Section        2  libshutdown2.o(.ARM.Collect$$libshutdown$$00000010)
    .ARM.Collect$$rtentry$$00000000          0x08000172   Section        0  __rtentry.o(.ARM.Collect$$rtentry$$00000000)
    .ARM.Collect$$rtentry$$00000002          0x08000172   Section        0  __rtentry2.o(.ARM.Collect$$rtentry$$00000002)
    .ARM.Collect$$rtentry$$00000004          0x08000172   Section        6  __rtentry4.o(.ARM.Collect$$rtentry$$00000004)
    .ARM.Collect$$rtentry$$00000009          0x08000178   Section        0  __rtentry2.o(.ARM.Collect$$rtentry$$00000009)
    .ARM.Collect$$rtentry$$0000000A          0x08000178   Section        4  __rtentry2.o(.ARM.Collect$$rtentry$$0000000A)
    .ARM.Collect$$rtentry$$0000000C          0x0800017c   Section        0  __rtentry2.o(.ARM.Collect$$rtentry$$0000000C)
    .ARM.Collect$$rtentry$$0000000D          0x0800017c   Section        8  __rtentry2.o(.ARM.Collect$$rtentry$$0000000D)
    .ARM.Collect$$rtexit$$00000000           0x08000184   Section        2  rtexit.o(.ARM.Collect$$rtexit$$00000000)
    .ARM.Collect$$rtexit$$00000002           0x08000186   Section        0  rtexit2.o(.ARM.Collect$$rtexit$$00000002)
    .ARM.Collect$$rtexit$$00000003           0x08000186   Section        4  rtexit2.o(.ARM.Collect$$rtexit$$00000003)
    .ARM.Collect$$rtexit$$00000004           0x0800018a   Section        6  rtexit2.o(.ARM.Collect$$rtexit$$00000004)
    .text                                    0x08000190   Section       64  startup_stm32f10x_md.o(.text)
    .text                                    0x080001d0   Section        0  noretval__2sprintf.o(.text)
    .text                                    0x080001f8   Section        0  _printf_pad.o(.text)
    .text                                    0x08000248   Section        0  _printf_hex_int.o(.text)
    .text                                    0x080002a0   Section        0  __printf_flags_wp.o(.text)
    .text                                    0x080003d8   Section        0  strcspn.o(.text)
    .text                                    0x080003f8   Section        0  strstr.o(.text)
    .text                                    0x0800041c   Section        0  strlen.o(.text)
    .text                                    0x0800045a   Section      100  rt_memcpy_w.o(.text)
    .text                                    0x080004c0   Section      128  strcmpv7m.o(.text)
    .text                                    0x08000540   Section        0  heapauxi.o(.text)
    .text                                    0x08000546   Section        0  _printf_intcommon.o(.text)
    .text                                    0x080005f8   Section        0  _printf_char_common.o(.text)
    _printf_input_char                       0x080005f9   Thumb Code    10  _printf_char_common.o(.text)
    .text                                    0x08000628   Section        0  _sputc.o(.text)
    .text                                    0x08000632   Section       74  sys_stackheap_outer.o(.text)
    .text                                    0x0800067c   Section        0  exit.o(.text)
    .text                                    0x08000690   Section        8  libspace.o(.text)
    .text                                    0x08000698   Section        0  sys_exit.o(.text)
    .text                                    0x080006a4   Section        2  use_no_semi.o(.text)
    .text                                    0x080006a6   Section        0  indicate_semi.o(.text)
    i.AddUIDToFile                           0x080006a8   Section        0  main.o(i.AddUIDToFile)
    i.AntennaOn                              0x080008ac   Section        0  rc522.o(i.AntennaOn)
    i.AutCard                                0x080008c0   Section        0  main.o(i.AutCard)
    i.ClearBitMask                           0x08000a78   Section        0  rc522.o(i.ClearBitMask)
    i.DESELECT                               0x08000a90   Section        0  fatfs_sd.o(i.DESELECT)
    DESELECT                                 0x08000a91   Thumb Code     8  fatfs_sd.o(i.DESELECT)
    i.DWT_Delay_Init                         0x08000a9c   Section        0  delay.o(i.DWT_Delay_Init)
    i.Delay_Ms                               0x08000ae0   Section        0  delay.o(i.Delay_Ms)
    i.Delay_Us                               0x08000afa   Section        0  delay.o(i.Delay_Us)
    i.EXTI9_5_IRQHandler                     0x08000b18   Section        0  main.o(i.EXTI9_5_IRQHandler)
    i.EXTI_ClearITPendingBit                 0x08000b70   Section        0  stm32f10x_exti.o(i.EXTI_ClearITPendingBit)
    i.EXTI_Config                            0x08000b7c   Section        0  main.o(i.EXTI_Config)
    EXTI_Config                              0x08000b7d   Thumb Code   104  main.o(i.EXTI_Config)
    i.EXTI_GetITStatus                       0x08000be8   Section        0  stm32f10x_exti.o(i.EXTI_GetITStatus)
    i.EXTI_Init                              0x08000c08   Section        0  stm32f10x_exti.o(i.EXTI_Init)
    i.FATFS_LinkDriver                       0x08000c78   Section        0  ff_gen_drv.o(i.FATFS_LinkDriver)
    i.FATFS_LinkDriverEx                     0x08000c80   Section        0  ff_gen_drv.o(i.FATFS_LinkDriverEx)
    i.FATFS_UnLinkDriver                     0x08000cc0   Section        0  ff_gen_drv.o(i.FATFS_UnLinkDriver)
    i.FATFS_UnLinkDriverEx                   0x08000cc8   Section        0  ff_gen_drv.o(i.FATFS_UnLinkDriverEx)
    i.FLASH_PrefetchBufferCmd                0x08000cfc   Section        0  stm32f10x_flash.o(i.FLASH_PrefetchBufferCmd)
    i.FLASH_SetLatency                       0x08000d14   Section        0  stm32f10x_flash.o(i.FLASH_SetLatency)
    i.GPIO_EXTILineConfig                    0x08000d28   Section        0  stm32f10x_gpio.o(i.GPIO_EXTILineConfig)
    i.GPIO_Init                              0x08000d50   Section        0  stm32f10x_gpio.o(i.GPIO_Init)
    i.GPIO_PinRemapConfig                    0x08000dec   Section        0  stm32f10x_gpio.o(i.GPIO_PinRemapConfig)
    i.GPIO_ResetBits                         0x08000e44   Section        0  stm32f10x_gpio.o(i.GPIO_ResetBits)
    i.GPIO_SetBits                           0x08000e48   Section        0  stm32f10x_gpio.o(i.GPIO_SetBits)
    i.GPIO_WriteBit                          0x08000e4c   Section        0  stm32f10x_gpio.o(i.GPIO_WriteBit)
    i.I2C_CheckEvent                         0x08000e56   Section        0  stm32f10x_i2c.o(i.I2C_CheckEvent)
    i.I2C_Cmd                                0x08000e6e   Section        0  stm32f10x_i2c.o(i.I2C_Cmd)
    i.I2C_DeInit                             0x08000e84   Section        0  stm32f10x_i2c.o(i.I2C_DeInit)
    i.I2C_GenerateSTART                      0x08000eb0   Section        0  stm32f10x_i2c.o(i.I2C_GenerateSTART)
    i.I2C_GenerateSTOP                       0x08000ec4   Section        0  stm32f10x_i2c.o(i.I2C_GenerateSTOP)
    i.I2C_Init                               0x08000ed8   Section        0  stm32f10x_i2c.o(i.I2C_Init)
    i.I2C_Send7bitAddress                    0x08000f94   Section        0  stm32f10x_i2c.o(i.I2C_Send7bitAddress)
    i.I2C_SendData                           0x08000fa4   Section        0  stm32f10x_i2c.o(i.I2C_SendData)
    i.I2C_WriteData                          0x08000fa8   Section        0  i2c-lcd.o(i.I2C_WriteData)
    i.LCD_ClearDisplay                       0x08001030   Section        0  i2c-lcd.o(i.LCD_ClearDisplay)
    i.LCD_Init                               0x08001036   Section        0  i2c-lcd.o(i.LCD_Init)
    i.LCD_SendCommand                        0x0800106c   Section        0  i2c-lcd.o(i.LCD_SendCommand)
    i.LCD_SendData                           0x080010a0   Section        0  i2c-lcd.o(i.LCD_SendData)
    i.LCD_SendString                         0x080010d4   Section        0  i2c-lcd.o(i.LCD_SendString)
    i.LCD_SetCursor                          0x080010e8   Section        0  i2c-lcd.o(i.LCD_SetCursor)
    i.MFRC522_Anticoll                       0x080010f6   Section        0  rc522.o(i.MFRC522_Anticoll)
    i.MFRC522_Init                           0x08001138   Section        0  rc522.o(i.MFRC522_Init)
    i.MFRC522_Request                        0x08001194   Section        0  rc522.o(i.MFRC522_Request)
    i.MFRC522_Reset                          0x080011c0   Section        0  rc522.o(i.MFRC522_Reset)
    i.MFRC522_SPI_Init                       0x080011c8   Section        0  rc522.o(i.MFRC522_SPI_Init)
    i.MFRC522_ToCard                         0x08001260   Section        0  rc522.o(i.MFRC522_ToCard)
    i.MX_FATFS_DeInit                        0x08001368   Section        0  fatfs.o(i.MX_FATFS_DeInit)
    i.MX_FATFS_Init                          0x08001374   Section        0  fatfs.o(i.MX_FATFS_Init)
    i.MX_GPIO_Init                           0x08001390   Section        0  main.o(i.MX_GPIO_Init)
    MX_GPIO_Init                             0x08001391   Thumb Code   236  main.o(i.MX_GPIO_Init)
    i.MX_I2C1_Init                           0x08001488   Section        0  main.o(i.MX_I2C1_Init)
    MX_I2C1_Init                             0x08001489   Thumb Code   178  main.o(i.MX_I2C1_Init)
    i.MX_SPI1_DeInit                         0x08001548   Section        0  main.o(i.MX_SPI1_DeInit)
    MX_SPI1_DeInit                           0x08001549   Thumb Code    74  main.o(i.MX_SPI1_DeInit)
    i.MX_SPI1_Init                           0x0800159c   Section        0  main.o(i.MX_SPI1_Init)
    MX_SPI1_Init                             0x0800159d   Thumb Code   136  main.o(i.MX_SPI1_Init)
    i.NVIC_Init                              0x0800162c   Section        0  misc.o(i.NVIC_Init)
    i.RC522_SPI_Transfer                     0x08001690   Section        0  rc522.o(i.RC522_SPI_Transfer)
    i.RCC_APB1PeriphClockCmd                 0x080016c4   Section        0  stm32f10x_rcc.o(i.RCC_APB1PeriphClockCmd)
    i.RCC_APB1PeriphResetCmd                 0x080016dc   Section        0  stm32f10x_rcc.o(i.RCC_APB1PeriphResetCmd)
    i.RCC_APB2PeriphClockCmd                 0x080016f4   Section        0  stm32f10x_rcc.o(i.RCC_APB2PeriphClockCmd)
    i.RCC_APB2PeriphResetCmd                 0x0800170c   Section        0  stm32f10x_rcc.o(i.RCC_APB2PeriphResetCmd)
    i.RCC_GetClocksFreq                      0x08001724   Section        0  stm32f10x_rcc.o(i.RCC_GetClocksFreq)
    i.RCC_GetFlagStatus                      0x080017b8   Section        0  stm32f10x_rcc.o(i.RCC_GetFlagStatus)
    i.RCC_GetSYSCLKSource                    0x080017e8   Section        0  stm32f10x_rcc.o(i.RCC_GetSYSCLKSource)
    i.RCC_HCLKConfig                         0x080017f8   Section        0  stm32f10x_rcc.o(i.RCC_HCLKConfig)
    i.RCC_HSEConfig                          0x0800180c   Section        0  stm32f10x_rcc.o(i.RCC_HSEConfig)
    i.RCC_PCLK1Config                        0x08001840   Section        0  stm32f10x_rcc.o(i.RCC_PCLK1Config)
    i.RCC_PCLK2Config                        0x08001854   Section        0  stm32f10x_rcc.o(i.RCC_PCLK2Config)
    i.RCC_PLLCmd                             0x08001868   Section        0  stm32f10x_rcc.o(i.RCC_PLLCmd)
    i.RCC_PLLConfig                          0x08001874   Section        0  stm32f10x_rcc.o(i.RCC_PLLConfig)
    i.RCC_SYSCLKConfig                       0x08001888   Section        0  stm32f10x_rcc.o(i.RCC_SYSCLKConfig)
    i.RCC_WaitForHSEStartUp                  0x0800189c   Section        0  stm32f10x_rcc.o(i.RCC_WaitForHSEStartUp)
    i.Read_MFRC522                           0x080018c8   Section        0  rc522.o(i.Read_MFRC522)
    i.RemoveUIDFromFile                      0x08001904   Section        0  main.o(i.RemoveUIDFromFile)
    i.SDTimer_Handler                        0x08001ab8   Section        0  delay.o(i.SDTimer_Handler)
    i.SD_PowerOn                             0x08001ad8   Section        0  fatfs_sd.o(i.SD_PowerOn)
    SD_PowerOn                               0x08001ad9   Thumb Code   108  fatfs_sd.o(i.SD_PowerOn)
    i.SD_ReadyWait                           0x08001b48   Section        0  fatfs_sd.o(i.SD_ReadyWait)
    SD_ReadyWait                             0x08001b49   Thumb Code    22  fatfs_sd.o(i.SD_ReadyWait)
    i.SD_RxDataBlock                         0x08001b64   Section        0  fatfs_sd.o(i.SD_RxDataBlock)
    SD_RxDataBlock                           0x08001b65   Thumb Code    68  fatfs_sd.o(i.SD_RxDataBlock)
    i.SD_SendCmd                             0x08001bac   Section        0  fatfs_sd.o(i.SD_SendCmd)
    SD_SendCmd                               0x08001bad   Thumb Code   102  fatfs_sd.o(i.SD_SendCmd)
    i.SD_TxDataBlock                         0x08001c12   Section        0  fatfs_sd.o(i.SD_TxDataBlock)
    SD_TxDataBlock                           0x08001c13   Thumb Code   110  fatfs_sd.o(i.SD_TxDataBlock)
    i.SD_disk_initialize                     0x08001c80   Section        0  fatfs_sd.o(i.SD_disk_initialize)
    i.SD_disk_ioctl                          0x08001db8   Section        0  fatfs_sd.o(i.SD_disk_ioctl)
    i.SD_disk_read                           0x08001efc   Section        0  fatfs_sd.o(i.SD_disk_read)
    i.SD_disk_status                         0x08001f84   Section        0  fatfs_sd.o(i.SD_disk_status)
    i.SD_disk_write                          0x08001f94   Section        0  fatfs_sd.o(i.SD_disk_write)
    i.SELECT                                 0x0800203c   Section        0  fatfs_sd.o(i.SELECT)
    SELECT                                   0x0800203d   Thumb Code     8  fatfs_sd.o(i.SELECT)
    i.SPI_Cmd                                0x08002048   Section        0  stm32f10x_spi.o(i.SPI_Cmd)
    i.SPI_I2S_DeInit                         0x0800205c   Section        0  stm32f10x_spi.o(i.SPI_I2S_DeInit)
    i.SPI_I2S_GetFlagStatus                  0x080020b0   Section        0  stm32f10x_spi.o(i.SPI_I2S_GetFlagStatus)
    i.SPI_I2S_ReceiveData                    0x080020be   Section        0  stm32f10x_spi.o(i.SPI_I2S_ReceiveData)
    i.SPI_I2S_SendData                       0x080020c2   Section        0  stm32f10x_spi.o(i.SPI_I2S_SendData)
    i.SPI_Init                               0x080020c6   Section        0  stm32f10x_spi.o(i.SPI_Init)
    i.SPI_RxByte                             0x08002100   Section        0  fatfs_sd.o(i.SPI_RxByte)
    SPI_RxByte                               0x08002101   Thumb Code    50  fatfs_sd.o(i.SPI_RxByte)
    i.SPI_TxByte                             0x08002138   Section        0  fatfs_sd.o(i.SPI_TxByte)
    SPI_TxByte                               0x08002139   Thumb Code    40  fatfs_sd.o(i.SPI_TxByte)
    i.SetBitMask                             0x08002164   Section        0  rc522.o(i.SetBitMask)
    i.SetSysClockTo72                        0x0800217c   Section        0  system_stm32f10x.o(i.SetSysClockTo72)
    SetSysClockTo72                          0x0800217d   Thumb Code   160  system_stm32f10x.o(i.SetSysClockTo72)
    i.SysTick_Handler                        0x08002224   Section        0  delay.o(i.SysTick_Handler)
    i.Sys_DelayInit                          0x0800224c   Section        0  delay.o(i.Sys_DelayInit)
    i.SystemClock_Config                     0x08002284   Section        0  main.o(i.SystemClock_Config)
    i.SystemInit                             0x080022e4   Section        0  system_stm32f10x.o(i.SystemInit)
    i.TIM2_Config                            0x08002334   Section        0  delay.o(i.TIM2_Config)
    i.TIM_Cmd                                0x0800236c   Section        0  stm32f10x_tim.o(i.TIM_Cmd)
    i.TIM_GetCounter                         0x08002380   Section        0  stm32f10x_tim.o(i.TIM_GetCounter)
    i.TIM_SetCounter                         0x08002384   Section        0  stm32f10x_tim.o(i.TIM_SetCounter)
    i.TIM_TimeBaseInit                       0x08002388   Section        0  stm32f10x_tim.o(i.TIM_TimeBaseInit)
    i.UART_SendString                        0x08002424   Section        0  main.o(i.UART_SendString)
    i.USART_Cmd                              0x08002448   Section        0  stm32f10x_usart.o(i.USART_Cmd)
    i.USART_GetFlagStatus                    0x0800245c   Section        0  stm32f10x_usart.o(i.USART_GetFlagStatus)
    i.USART_Init                             0x0800246c   Section        0  stm32f10x_usart.o(i.USART_Init)
    i.USART_SendData                         0x08002518   Section        0  stm32f10x_usart.o(i.USART_SendData)
    i.USER_initialize                        0x08002520   Section        0  user_diskio.o(i.USER_initialize)
    i.USER_ioctl                             0x08002524   Section        0  user_diskio.o(i.USER_ioctl)
    i.USER_read                              0x08002528   Section        0  user_diskio.o(i.USER_read)
    i.USER_status                            0x0800252c   Section        0  user_diskio.o(i.USER_status)
    i.USER_write                             0x08002530   Section        0  user_diskio.o(i.USER_write)
    i.Write_MFRC522                          0x08002534   Section        0  rc522.o(i.Write_MFRC522)
    i._is_digit                              0x08002570   Section        0  __printf_wp.o(i._is_digit)
    i.check_fs                               0x08002580   Section        0  ff.o(i.check_fs)
    check_fs                                 0x08002581   Thumb Code    90  ff.o(i.check_fs)
    i.chk_chr                                0x080025e0   Section        0  ff.o(i.chk_chr)
    chk_chr                                  0x080025e1   Thumb Code    16  ff.o(i.chk_chr)
    i.chk_lock                               0x080025f0   Section        0  ff.o(i.chk_lock)
    chk_lock                                 0x080025f1   Thumb Code    98  ff.o(i.chk_lock)
    i.clear_lock                             0x08002658   Section        0  ff.o(i.clear_lock)
    clear_lock                               0x08002659   Thumb Code    30  ff.o(i.clear_lock)
    i.clmt_clust                             0x0800267c   Section        0  ff.o(i.clmt_clust)
    clmt_clust                               0x0800267d   Thumb Code    46  ff.o(i.clmt_clust)
    i.clust2sect                             0x080026aa   Section        0  ff.o(i.clust2sect)
    i.create_chain                           0x080026c6   Section        0  ff.o(i.create_chain)
    create_chain                             0x080026c7   Thumb Code   164  ff.o(i.create_chain)
    i.create_name                            0x0800276c   Section        0  ff.o(i.create_name)
    create_name                              0x0800276d   Thumb Code   456  ff.o(i.create_name)
    i.dec_lock                               0x0800294c   Section        0  ff.o(i.dec_lock)
    dec_lock                                 0x0800294d   Thumb Code    42  ff.o(i.dec_lock)
    i.dir_find                               0x0800297c   Section        0  ff.o(i.dir_find)
    dir_find                                 0x0800297d   Thumb Code   300  ff.o(i.dir_find)
    i.dir_next                               0x08002aac   Section        0  ff.o(i.dir_next)
    dir_next                                 0x08002aad   Thumb Code   284  ff.o(i.dir_next)
    i.dir_register                           0x08002bc8   Section        0  ff.o(i.dir_register)
    dir_register                             0x08002bc9   Thumb Code   432  ff.o(i.dir_register)
    i.dir_sdi                                0x08002d7c   Section        0  ff.o(i.dir_sdi)
    dir_sdi                                  0x08002d7d   Thumb Code   154  ff.o(i.dir_sdi)
    i.disk_initialize                        0x08002e18   Section        0  diskio.o(i.disk_initialize)
    i.disk_ioctl                             0x08002e40   Section        0  diskio.o(i.disk_ioctl)
    i.disk_read                              0x08002e5c   Section        0  diskio.o(i.disk_read)
    i.disk_status                            0x08002e78   Section        0  diskio.o(i.disk_status)
    i.disk_write                             0x08002e90   Section        0  diskio.o(i.disk_write)
    i.f_close                                0x08002eac   Section        0  ff.o(i.f_close)
    i.f_gets                                 0x08002ed6   Section        0  ff.o(i.f_gets)
    i.f_lseek                                0x08002f1e   Section        0  ff.o(i.f_lseek)
    i.f_mount                                0x08003168   Section        0  ff.o(i.f_mount)
    i.f_open                                 0x080031c8   Section        0  ff.o(i.f_open)
    i.f_read                                 0x080033a4   Section        0  ff.o(i.f_read)
    i.f_sync                                 0x0800351c   Section        0  ff.o(i.f_sync)
    i.f_truncate                             0x080035be   Section        0  ff.o(i.f_truncate)
    i.f_write                                0x0800367c   Section        0  ff.o(i.f_write)
    i.ff_convert                             0x08003830   Section        0  ccsbcs.o(i.ff_convert)
    i.ff_wtoupper                            0x08003868   Section        0  ccsbcs.o(i.ff_wtoupper)
    i.find_volume                            0x0800388c   Section        0  ff.o(i.find_volume)
    find_volume                              0x0800388d   Thumb Code   604  ff.o(i.find_volume)
    i.follow_path                            0x08003af4   Section        0  ff.o(i.follow_path)
    follow_path                              0x08003af5   Thumb Code   106  ff.o(i.follow_path)
    i.gen_numname                            0x08003b60   Section        0  ff.o(i.gen_numname)
    gen_numname                              0x08003b61   Thumb Code   120  ff.o(i.gen_numname)
    i.get_fat                                0x08003bdc   Section        0  ff.o(i.get_fat)
    i.get_fattime                            0x08003cc2   Section        0  fatfs.o(i.get_fattime)
    i.get_ldnumber                           0x08003cc6   Section        0  ff.o(i.get_ldnumber)
    get_ldnumber                             0x08003cc7   Thumb Code    60  ff.o(i.get_ldnumber)
    i.inc_lock                               0x08003d04   Section        0  ff.o(i.inc_lock)
    inc_lock                                 0x08003d05   Thumb Code   136  ff.o(i.inc_lock)
    i.ld_clust                               0x08003d90   Section        0  ff.o(i.ld_clust)
    ld_clust                                 0x08003d91   Thumb Code    22  ff.o(i.ld_clust)
    i.main                                   0x08003da8   Section        0  main.o(i.main)
    i.mem_cpy                                0x08003f84   Section        0  ff.o(i.mem_cpy)
    mem_cpy                                  0x08003f85   Thumb Code    16  ff.o(i.mem_cpy)
    i.mem_set                                0x08003f94   Section        0  ff.o(i.mem_set)
    mem_set                                  0x08003f95   Thumb Code    14  ff.o(i.mem_set)
    i.move_window                            0x08003fa2   Section        0  ff.o(i.move_window)
    move_window                              0x08003fa3   Thumb Code    56  ff.o(i.move_window)
    i.put_fat                                0x08003fda   Section        0  ff.o(i.put_fat)
    i.remove_chain                           0x080040f8   Section        0  ff.o(i.remove_chain)
    remove_chain                             0x080040f9   Thumb Code   102  ff.o(i.remove_chain)
    i.st_clust                               0x0800415e   Section        0  ff.o(i.st_clust)
    st_clust                                 0x0800415f   Thumb Code    16  ff.o(i.st_clust)
    i.sum_sfn                                0x0800416e   Section        0  ff.o(i.sum_sfn)
    sum_sfn                                  0x0800416f   Thumb Code    26  ff.o(i.sum_sfn)
    i.sync_fs                                0x08004188   Section        0  ff.o(i.sync_fs)
    sync_fs                                  0x08004189   Thumb Code   168  ff.o(i.sync_fs)
    i.sync_window                            0x08004230   Section        0  ff.o(i.sync_window)
    sync_window                              0x08004231   Thumb Code    82  ff.o(i.sync_window)
    i.validate                               0x08004282   Section        0  ff.o(i.validate)
    validate                                 0x08004283   Thumb Code    42  ff.o(i.validate)
    .constdata                               0x080042ac   Section       35  main.o(.constdata)
    .constdata                               0x080042d0   Section      186  ff.o(.constdata)
    ExCvt                                    0x080042d0   Data         128  ff.o(.constdata)
    LfnOfs                                   0x08004350   Data          13  ff.o(.constdata)
    vst                                      0x0800435e   Data          22  ff.o(.constdata)
    cst                                      0x08004374   Data          22  ff.o(.constdata)
    .constdata                               0x0800438a   Section     1216  ccsbcs.o(.constdata)
    Tbl                                      0x0800438a   Data         256  ccsbcs.o(.constdata)
    tbl_lower                                0x0800448a   Data         480  ccsbcs.o(.constdata)
    tbl_upper                                0x0800466a   Data         480  ccsbcs.o(.constdata)
    .constdata                               0x0800484a   Section       40  _printf_hex_int.o(.constdata)
    uc_hextab                                0x0800484a   Data          20  _printf_hex_int.o(.constdata)
    lc_hextab                                0x0800485e   Data          20  _printf_hex_int.o(.constdata)
    .constdata                               0x08004872   Section       17  __printf_flags_wp.o(.constdata)
    maptable                                 0x08004872   Data          17  __printf_flags_wp.o(.constdata)
    .data                                    0x20000000   Section        8  main.o(.data)
    .data                                    0x20000008   Section        8  delay.o(.data)
    .data                                    0x20000010   Section        5  fatfs.o(.data)
    .data                                    0x20000015   Section        3  fatfs_sd.o(.data)
    Stat                                     0x20000015   Data           1  fatfs_sd.o(.data)
    PowerFlag                                0x20000016   Data           1  fatfs_sd.o(.data)
    CardType                                 0x20000017   Data           1  fatfs_sd.o(.data)
    .data                                    0x20000018   Section       20  user_diskio.o(.data)
    .data                                    0x2000002c   Section        8  ff.o(.data)
    Fsid                                     0x2000002c   Data           2  ff.o(.data)
    FatFs                                    0x20000030   Data           4  ff.o(.data)
    .data                                    0x20000034   Section       20  stm32f10x_rcc.o(.data)
    ADCPrescTable                            0x20000034   Data           4  stm32f10x_rcc.o(.data)
    APBAHBPrescTable                         0x20000038   Data          16  stm32f10x_rcc.o(.data)
    .data                                    0x20000048   Section       20  system_stm32f10x.o(.data)
    .bss                                     0x2000005c   Section     8320  main.o(.bss)
    .bss                                     0x200020dc   Section       12  ff_gen_drv.o(.bss)
    .bss                                     0x200020e8   Section      524  ff.o(.bss)
    Files                                    0x200020e8   Data          12  ff.o(.bss)
    LfnBuf                                   0x200020f4   Data         512  ff.o(.bss)
    .bss                                     0x200022f4   Section       96  libspace.o(.bss)
    HEAP                                     0x20002358   Section      512  startup_stm32f10x_md.o(HEAP)
    Heap_Mem                                 0x20002358   Data         512  startup_stm32f10x_md.o(HEAP)
    STACK                                    0x20002558   Section     1024  startup_stm32f10x_md.o(STACK)
    Stack_Mem                                0x20002558   Data        1024  startup_stm32f10x_md.o(STACK)
    __initial_sp                             0x20002958   Data           0  startup_stm32f10x_md.o(STACK)

    Global Symbols

    Symbol Name                              Value     Ov Type        Size  Object(Section)

    BuildAttributes$$THM_ISAv4$P$D$K$B$S$PE$A:L22UL41UL21$X:L11$S22US41US21$IEEE1$IW$USESV6$~STKCKD$USESV7$~SHL$OSPACE$ROPI$EBA8$UX$STANDARDLIB$REQ8$PRES8$EABIv2 0x00000000   Number         0  anon$$obj.o ABSOLUTE
    __ARM_use_no_argv                        0x00000000   Number         0  main.o ABSOLUTE
    _printf_flags                            0x00000000   Number         0  printf_stubs.o ABSOLUTE
    _printf_return_value                     0x00000000   Number         0  printf_stubs.o ABSOLUTE
    _printf_sizespec                         0x00000000   Number         0  printf_stubs.o ABSOLUTE
    _printf_widthprec                        0x00000000   Number         0  printf_stubs.o ABSOLUTE
    __ARM_exceptions_init                     - Undefined Weak Reference
    __alloca_initialize                       - Undefined Weak Reference
    __arm_preinit_                            - Undefined Weak Reference
    __cpp_initialize__aeabi_                  - Undefined Weak Reference
    __cxa_finalize                            - Undefined Weak Reference
    __rt_locale                               - Undefined Weak Reference
    __sigvec_lookup                           - Undefined Weak Reference
    _atexit_init                              - Undefined Weak Reference
    _call_atexit_fns                          - Undefined Weak Reference
    _clock_init                               - Undefined Weak Reference
    _fp_trap_init                             - Undefined Weak Reference
    _fp_trap_shutdown                         - Undefined Weak Reference
    _get_lc_collate                           - Undefined Weak Reference
    _get_lc_ctype                             - Undefined Weak Reference
    _get_lc_monetary                          - Undefined Weak Reference
    _get_lc_numeric                           - Undefined Weak Reference
    _get_lc_time                              - Undefined Weak Reference
    _getenv_init                              - Undefined Weak Reference
    _handle_redirection                       - Undefined Weak Reference
    _init_alloc                               - Undefined Weak Reference
    _init_user_alloc                          - Undefined Weak Reference
    _initio                                   - Undefined Weak Reference
    _printf_truncate_unsigned                 - Undefined Weak Reference
    _rand_init                                - Undefined Weak Reference
    _signal_finish                            - Undefined Weak Reference
    _signal_init                              - Undefined Weak Reference
    _terminate_alloc                          - Undefined Weak Reference
    _terminate_user_alloc                     - Undefined Weak Reference
    _terminateio                              - Undefined Weak Reference
    __Vectors_Size                           0x000000ec   Number         0  startup_stm32f10x_md.o ABSOLUTE
    __Vectors                                0x08000000   Data           4  startup_stm32f10x_md.o(RESET)
    __Vectors_End                            0x080000ec   Data           0  startup_stm32f10x_md.o(RESET)
    __main                                   0x080000ed   Thumb Code     8  __main.o(!!!main)
    __scatterload                            0x080000f5   Thumb Code     0  __scatter.o(!!!scatter)
    __scatterload_rt2                        0x080000f5   Thumb Code    44  __scatter.o(!!!scatter)
    __scatterload_rt2_thumb_only             0x080000f5   Thumb Code     0  __scatter.o(!!!scatter)
    __scatterload_null                       0x08000103   Thumb Code     0  __scatter.o(!!!scatter)
    __scatterload_copy                       0x08000129   Thumb Code    26  __scatter_copy.o(!!handler_copy)
    __scatterload_zeroinit                   0x08000145   Thumb Code    28  __scatter_zi.o(!!handler_zi)
    _printf_percent                          0x08000161   Thumb Code     0  _printf_percent.o(.ARM.Collect$$_printf_percent$$00000000)
    _printf_x                                0x08000161   Thumb Code     0  _printf_x.o(.ARM.Collect$$_printf_percent$$0000000C)
    _printf_percent_end                      0x08000167   Thumb Code     0  _printf_percent_end.o(.ARM.Collect$$_printf_percent$$00000017)
    __rt_lib_init                            0x0800016b   Thumb Code     0  libinit.o(.ARM.Collect$$libinit$$00000000)
    __rt_lib_init_alloca_1                   0x0800016d   Thumb Code     0  libinit2.o(.ARM.Collect$$libinit$$0000002E)
    __rt_lib_init_argv_1                     0x0800016d   Thumb Code     0  libinit2.o(.ARM.Collect$$libinit$$0000002C)
    __rt_lib_init_atexit_1                   0x0800016d   Thumb Code     0  libinit2.o(.ARM.Collect$$libinit$$0000001B)
    __rt_lib_init_clock_1                    0x0800016d   Thumb Code     0  libinit2.o(.ARM.Collect$$libinit$$00000021)
    __rt_lib_init_cpp_1                      0x0800016d   Thumb Code     0  libinit2.o(.ARM.Collect$$libinit$$00000032)
    __rt_lib_init_exceptions_1               0x0800016d   Thumb Code     0  libinit2.o(.ARM.Collect$$libinit$$00000030)
    __rt_lib_init_fp_1                       0x0800016d   Thumb Code     0  libinit2.o(.ARM.Collect$$libinit$$00000002)
    __rt_lib_init_fp_trap_1                  0x0800016d   Thumb Code     0  libinit2.o(.ARM.Collect$$libinit$$0000001F)
    __rt_lib_init_getenv_1                   0x0800016d   Thumb Code     0  libinit2.o(.ARM.Collect$$libinit$$00000023)
    __rt_lib_init_heap_1                     0x0800016d   Thumb Code     0  libinit2.o(.ARM.Collect$$libinit$$0000000A)
    __rt_lib_init_lc_collate_1               0x0800016d   Thumb Code     0  libinit2.o(.ARM.Collect$$libinit$$00000011)
    __rt_lib_init_lc_ctype_1                 0x0800016d   Thumb Code     0  libinit2.o(.ARM.Collect$$libinit$$00000013)
    __rt_lib_init_lc_monetary_1              0x0800016d   Thumb Code     0  libinit2.o(.ARM.Collect$$libinit$$00000015)
    __rt_lib_init_lc_numeric_1               0x0800016d   Thumb Code     0  libinit2.o(.ARM.Collect$$libinit$$00000017)
    __rt_lib_init_lc_time_1                  0x0800016d   Thumb Code     0  libinit2.o(.ARM.Collect$$libinit$$00000019)
    __rt_lib_init_preinit_1                  0x0800016d   Thumb Code     0  libinit2.o(.ARM.Collect$$libinit$$00000004)
    __rt_lib_init_rand_1                     0x0800016d   Thumb Code     0  libinit2.o(.ARM.Collect$$libinit$$0000000E)
    __rt_lib_init_return                     0x0800016d   Thumb Code     0  libinit2.o(.ARM.Collect$$libinit$$00000033)
    __rt_lib_init_signal_1                   0x0800016d   Thumb Code     0  libinit2.o(.ARM.Collect$$libinit$$0000001D)
    __rt_lib_init_stdio_1                    0x0800016d   Thumb Code     0  libinit2.o(.ARM.Collect$$libinit$$00000025)
    __rt_lib_init_user_alloc_1               0x0800016d   Thumb Code     0  libinit2.o(.ARM.Collect$$libinit$$0000000C)
    __rt_lib_shutdown                        0x0800016f   Thumb Code     0  libshutdown.o(.ARM.Collect$$libshutdown$$00000000)
    __rt_lib_shutdown_cpp_1                  0x08000171   Thumb Code     0  libshutdown2.o(.ARM.Collect$$libshutdown$$00000002)
    __rt_lib_shutdown_fp_trap_1              0x08000171   Thumb Code     0  libshutdown2.o(.ARM.Collect$$libshutdown$$00000007)
    __rt_lib_shutdown_heap_1                 0x08000171   Thumb Code     0  libshutdown2.o(.ARM.Collect$$libshutdown$$0000000F)
    __rt_lib_shutdown_return                 0x08000171   Thumb Code     0  libshutdown2.o(.ARM.Collect$$libshutdown$$00000010)
    __rt_lib_shutdown_signal_1               0x08000171   Thumb Code     0  libshutdown2.o(.ARM.Collect$$libshutdown$$0000000A)
    __rt_lib_shutdown_stdio_1                0x08000171   Thumb Code     0  libshutdown2.o(.ARM.Collect$$libshutdown$$00000004)
    __rt_lib_shutdown_user_alloc_1           0x08000171   Thumb Code     0  libshutdown2.o(.ARM.Collect$$libshutdown$$0000000C)
    __rt_entry                               0x08000173   Thumb Code     0  __rtentry.o(.ARM.Collect$$rtentry$$00000000)
    __rt_entry_presh_1                       0x08000173   Thumb Code     0  __rtentry2.o(.ARM.Collect$$rtentry$$00000002)
    __rt_entry_sh                            0x08000173   Thumb Code     0  __rtentry4.o(.ARM.Collect$$rtentry$$00000004)
    __rt_entry_li                            0x08000179   Thumb Code     0  __rtentry2.o(.ARM.Collect$$rtentry$$0000000A)
    __rt_entry_postsh_1                      0x08000179   Thumb Code     0  __rtentry2.o(.ARM.Collect$$rtentry$$00000009)
    __rt_entry_main                          0x0800017d   Thumb Code     0  __rtentry2.o(.ARM.Collect$$rtentry$$0000000D)
    __rt_entry_postli_1                      0x0800017d   Thumb Code     0  __rtentry2.o(.ARM.Collect$$rtentry$$0000000C)
    __rt_exit                                0x08000185   Thumb Code     0  rtexit.o(.ARM.Collect$$rtexit$$00000000)
    __rt_exit_ls                             0x08000187   Thumb Code     0  rtexit2.o(.ARM.Collect$$rtexit$$00000003)
    __rt_exit_prels_1                        0x08000187   Thumb Code     0  rtexit2.o(.ARM.Collect$$rtexit$$00000002)
    __rt_exit_exit                           0x0800018b   Thumb Code     0  rtexit2.o(.ARM.Collect$$rtexit$$00000004)
    Reset_Handler                            0x08000191   Thumb Code     8  startup_stm32f10x_md.o(.text)
    NMI_Handler                              0x08000199   Thumb Code     2  startup_stm32f10x_md.o(.text)
    HardFault_Handler                        0x0800019b   Thumb Code     2  startup_stm32f10x_md.o(.text)
    MemManage_Handler                        0x0800019d   Thumb Code     2  startup_stm32f10x_md.o(.text)
    BusFault_Handler                         0x0800019f   Thumb Code     2  startup_stm32f10x_md.o(.text)
    UsageFault_Handler                       0x080001a1   Thumb Code     2  startup_stm32f10x_md.o(.text)
    SVC_Handler                              0x080001a3   Thumb Code     2  startup_stm32f10x_md.o(.text)
    DebugMon_Handler                         0x080001a5   Thumb Code     2  startup_stm32f10x_md.o(.text)
    PendSV_Handler                           0x080001a7   Thumb Code     2  startup_stm32f10x_md.o(.text)
    ADC1_2_IRQHandler                        0x080001ab   Thumb Code     0  startup_stm32f10x_md.o(.text)
    CAN1_RX1_IRQHandler                      0x080001ab   Thumb Code     0  startup_stm32f10x_md.o(.text)
    CAN1_SCE_IRQHandler                      0x080001ab   Thumb Code     0  startup_stm32f10x_md.o(.text)
    DMA1_Channel1_IRQHandler                 0x080001ab   Thumb Code     0  startup_stm32f10x_md.o(.text)
    DMA1_Channel2_IRQHandler                 0x080001ab   Thumb Code     0  startup_stm32f10x_md.o(.text)
    DMA1_Channel3_IRQHandler                 0x080001ab   Thumb Code     0  startup_stm32f10x_md.o(.text)
    DMA1_Channel4_IRQHandler                 0x080001ab   Thumb Code     0  startup_stm32f10x_md.o(.text)
    DMA1_Channel5_IRQHandler                 0x080001ab   Thumb Code     0  startup_stm32f10x_md.o(.text)
    DMA1_Channel6_IRQHandler                 0x080001ab   Thumb Code     0  startup_stm32f10x_md.o(.text)
    DMA1_Channel7_IRQHandler                 0x080001ab   Thumb Code     0  startup_stm32f10x_md.o(.text)
    EXTI0_IRQHandler                         0x080001ab   Thumb Code     0  startup_stm32f10x_md.o(.text)
    EXTI15_10_IRQHandler                     0x080001ab   Thumb Code     0  startup_stm32f10x_md.o(.text)
    EXTI1_IRQHandler                         0x080001ab   Thumb Code     0  startup_stm32f10x_md.o(.text)
    EXTI2_IRQHandler                         0x080001ab   Thumb Code     0  startup_stm32f10x_md.o(.text)
    EXTI3_IRQHandler                         0x080001ab   Thumb Code     0  startup_stm32f10x_md.o(.text)
    EXTI4_IRQHandler                         0x080001ab   Thumb Code     0  startup_stm32f10x_md.o(.text)
    FLASH_IRQHandler                         0x080001ab   Thumb Code     0  startup_stm32f10x_md.o(.text)
    I2C1_ER_IRQHandler                       0x080001ab   Thumb Code     0  startup_stm32f10x_md.o(.text)
    I2C1_EV_IRQHandler                       0x080001ab   Thumb Code     0  startup_stm32f10x_md.o(.text)
    I2C2_ER_IRQHandler                       0x080001ab   Thumb Code     0  startup_stm32f10x_md.o(.text)
    I2C2_EV_IRQHandler                       0x080001ab   Thumb Code     0  startup_stm32f10x_md.o(.text)
    PVD_IRQHandler                           0x080001ab   Thumb Code     0  startup_stm32f10x_md.o(.text)
    RCC_IRQHandler                           0x080001ab   Thumb Code     0  startup_stm32f10x_md.o(.text)
    RTCAlarm_IRQHandler                      0x080001ab   Thumb Code     0  startup_stm32f10x_md.o(.text)
    RTC_IRQHandler                           0x080001ab   Thumb Code     0  startup_stm32f10x_md.o(.text)
    SPI1_IRQHandler                          0x080001ab   Thumb Code     0  startup_stm32f10x_md.o(.text)
    SPI2_IRQHandler                          0x080001ab   Thumb Code     0  startup_stm32f10x_md.o(.text)
    TAMPER_IRQHandler                        0x080001ab   Thumb Code     0  startup_stm32f10x_md.o(.text)
    TIM1_BRK_IRQHandler                      0x080001ab   Thumb Code     0  startup_stm32f10x_md.o(.text)
    TIM1_CC_IRQHandler                       0x080001ab   Thumb Code     0  startup_stm32f10x_md.o(.text)
    TIM1_TRG_COM_IRQHandler                  0x080001ab   Thumb Code     0  startup_stm32f10x_md.o(.text)
    TIM1_UP_IRQHandler                       0x080001ab   Thumb Code     0  startup_stm32f10x_md.o(.text)
    TIM2_IRQHandler                          0x080001ab   Thumb Code     0  startup_stm32f10x_md.o(.text)
    TIM3_IRQHandler                          0x080001ab   Thumb Code     0  startup_stm32f10x_md.o(.text)
    TIM4_IRQHandler                          0x080001ab   Thumb Code     0  startup_stm32f10x_md.o(.text)
    USART1_IRQHandler                        0x080001ab   Thumb Code     0  startup_stm32f10x_md.o(.text)
    USART2_IRQHandler                        0x080001ab   Thumb Code     0  startup_stm32f10x_md.o(.text)
    USART3_IRQHandler                        0x080001ab   Thumb Code     0  startup_stm32f10x_md.o(.text)
    USBWakeUp_IRQHandler                     0x080001ab   Thumb Code     0  startup_stm32f10x_md.o(.text)
    USB_HP_CAN1_TX_IRQHandler                0x080001ab   Thumb Code     0  startup_stm32f10x_md.o(.text)
    USB_LP_CAN1_RX0_IRQHandler               0x080001ab   Thumb Code     0  startup_stm32f10x_md.o(.text)
    WWDG_IRQHandler                          0x080001ab   Thumb Code     0  startup_stm32f10x_md.o(.text)
    __user_initial_stackheap                 0x080001ad   Thumb Code     0  startup_stm32f10x_md.o(.text)
    __2sprintf                               0x080001d1   Thumb Code    34  noretval__2sprintf.o(.text)
    _printf_pre_padding                      0x080001f9   Thumb Code    44  _printf_pad.o(.text)
    _printf_post_padding                     0x08000225   Thumb Code    34  _printf_pad.o(.text)
    _printf_int_hex                          0x08000249   Thumb Code    84  _printf_hex_int.o(.text)
    _printf_longlong_hex                     0x08000249   Thumb Code     0  _printf_hex_int.o(.text)
    __printf                                 0x080002a1   Thumb Code   308  __printf_flags_wp.o(.text)
    strcspn                                  0x080003d9   Thumb Code    32  strcspn.o(.text)
    strstr                                   0x080003f9   Thumb Code    36  strstr.o(.text)
    strlen                                   0x0800041d   Thumb Code    62  strlen.o(.text)
    __aeabi_memcpy4                          0x0800045b   Thumb Code     0  rt_memcpy_w.o(.text)
    __aeabi_memcpy8                          0x0800045b   Thumb Code     0  rt_memcpy_w.o(.text)
    __rt_memcpy_w                            0x0800045b   Thumb Code   100  rt_memcpy_w.o(.text)
    _memcpy_lastbytes_aligned                0x080004a3   Thumb Code     0  rt_memcpy_w.o(.text)
    strcmp                                   0x080004c1   Thumb Code   128  strcmpv7m.o(.text)
    __use_two_region_memory                  0x08000541   Thumb Code     2  heapauxi.o(.text)
    __rt_heap_escrow$2region                 0x08000543   Thumb Code     2  heapauxi.o(.text)
    __rt_heap_expand$2region                 0x08000545   Thumb Code     2  heapauxi.o(.text)
    _printf_int_common                       0x08000547   Thumb Code   178  _printf_intcommon.o(.text)
    _printf_char_common                      0x08000603   Thumb Code    32  _printf_char_common.o(.text)
    _sputc                                   0x08000629   Thumb Code    10  _sputc.o(.text)
    __user_setup_stackheap                   0x08000633   Thumb Code    74  sys_stackheap_outer.o(.text)
    exit                                     0x0800067d   Thumb Code    18  exit.o(.text)
    __user_libspace                          0x08000691   Thumb Code     8  libspace.o(.text)
    __user_perproc_libspace                  0x08000691   Thumb Code     0  libspace.o(.text)
    __user_perthread_libspace                0x08000691   Thumb Code     0  libspace.o(.text)
    _sys_exit                                0x08000699   Thumb Code     8  sys_exit.o(.text)
    __I$use$semihosting                      0x080006a5   Thumb Code     0  use_no_semi.o(.text)
    __use_no_semihosting_swi                 0x080006a5   Thumb Code     2  use_no_semi.o(.text)
    __semihosting_library_function           0x080006a7   Thumb Code     0  indicate_semi.o(.text)
    AddUIDToFile                             0x080006a9   Thumb Code   272  main.o(i.AddUIDToFile)
    AntennaOn                                0x080008ad   Thumb Code    20  rc522.o(i.AntennaOn)
    AutCard                                  0x080008c1   Thumb Code   230  main.o(i.AutCard)
    ClearBitMask                             0x08000a79   Thumb Code    24  rc522.o(i.ClearBitMask)
    DWT_Delay_Init                           0x08000a9d   Thumb Code    58  delay.o(i.DWT_Delay_Init)
    Delay_Ms                                 0x08000ae1   Thumb Code    26  delay.o(i.Delay_Ms)
    Delay_Us                                 0x08000afb   Thumb Code    28  delay.o(i.Delay_Us)
    EXTI9_5_IRQHandler                       0x08000b19   Thumb Code    84  main.o(i.EXTI9_5_IRQHandler)
    EXTI_ClearITPendingBit                   0x08000b71   Thumb Code     6  stm32f10x_exti.o(i.EXTI_ClearITPendingBit)
    EXTI_GetITStatus                         0x08000be9   Thumb Code    28  stm32f10x_exti.o(i.EXTI_GetITStatus)
    EXTI_Init                                0x08000c09   Thumb Code   108  stm32f10x_exti.o(i.EXTI_Init)
    FATFS_LinkDriver                         0x08000c79   Thumb Code     6  ff_gen_drv.o(i.FATFS_LinkDriver)
    FATFS_LinkDriverEx                       0x08000c81   Thumb Code    60  ff_gen_drv.o(i.FATFS_LinkDriverEx)
    FATFS_UnLinkDriver                       0x08000cc1   Thumb Code     6  ff_gen_drv.o(i.FATFS_UnLinkDriver)
    FATFS_UnLinkDriverEx                     0x08000cc9   Thumb Code    48  ff_gen_drv.o(i.FATFS_UnLinkDriverEx)
    FLASH_PrefetchBufferCmd                  0x08000cfd   Thumb Code    18  stm32f10x_flash.o(i.FLASH_PrefetchBufferCmd)
    FLASH_SetLatency                         0x08000d15   Thumb Code    14  stm32f10x_flash.o(i.FLASH_SetLatency)
    GPIO_EXTILineConfig                      0x08000d29   Thumb Code    34  stm32f10x_gpio.o(i.GPIO_EXTILineConfig)
    GPIO_Init                                0x08000d51   Thumb Code   156  stm32f10x_gpio.o(i.GPIO_Init)
    GPIO_PinRemapConfig                      0x08000ded   Thumb Code    82  stm32f10x_gpio.o(i.GPIO_PinRemapConfig)
    GPIO_ResetBits                           0x08000e45   Thumb Code     4  stm32f10x_gpio.o(i.GPIO_ResetBits)
    GPIO_SetBits                             0x08000e49   Thumb Code     4  stm32f10x_gpio.o(i.GPIO_SetBits)
    GPIO_WriteBit                            0x08000e4d   Thumb Code    10  stm32f10x_gpio.o(i.GPIO_WriteBit)
    I2C_CheckEvent                           0x08000e57   Thumb Code    24  stm32f10x_i2c.o(i.I2C_CheckEvent)
    I2C_Cmd                                  0x08000e6f   Thumb Code    20  stm32f10x_i2c.o(i.I2C_Cmd)
    I2C_DeInit                               0x08000e85   Thumb Code    38  stm32f10x_i2c.o(i.I2C_DeInit)
    I2C_GenerateSTART                        0x08000eb1   Thumb Code    20  stm32f10x_i2c.o(i.I2C_GenerateSTART)
    I2C_GenerateSTOP                         0x08000ec5   Thumb Code    20  stm32f10x_i2c.o(i.I2C_GenerateSTOP)
    I2C_Init                                 0x08000ed9   Thumb Code   178  stm32f10x_i2c.o(i.I2C_Init)
    I2C_Send7bitAddress                      0x08000f95   Thumb Code    16  stm32f10x_i2c.o(i.I2C_Send7bitAddress)
    I2C_SendData                             0x08000fa5   Thumb Code     4  stm32f10x_i2c.o(i.I2C_SendData)
    I2C_WriteData                            0x08000fa9   Thumb Code   122  i2c-lcd.o(i.I2C_WriteData)
    LCD_ClearDisplay                         0x08001031   Thumb Code     6  i2c-lcd.o(i.LCD_ClearDisplay)
    LCD_Init                                 0x08001037   Thumb Code    54  i2c-lcd.o(i.LCD_Init)
    LCD_SendCommand                          0x0800106d   Thumb Code    52  i2c-lcd.o(i.LCD_SendCommand)
    LCD_SendData                             0x080010a1   Thumb Code    52  i2c-lcd.o(i.LCD_SendData)
    LCD_SendString                           0x080010d5   Thumb Code    20  i2c-lcd.o(i.LCD_SendString)
    LCD_SetCursor                            0x080010e9   Thumb Code    14  i2c-lcd.o(i.LCD_SetCursor)
    MFRC522_Anticoll                         0x080010f7   Thumb Code    66  rc522.o(i.MFRC522_Anticoll)
    MFRC522_Init                             0x08001139   Thumb Code    88  rc522.o(i.MFRC522_Init)
    MFRC522_Request                          0x08001195   Thumb Code    44  rc522.o(i.MFRC522_Request)
    MFRC522_Reset                            0x080011c1   Thumb Code     8  rc522.o(i.MFRC522_Reset)
    MFRC522_SPI_Init                         0x080011c9   Thumb Code   140  rc522.o(i.MFRC522_SPI_Init)
    MFRC522_ToCard                           0x08001261   Thumb Code   264  rc522.o(i.MFRC522_ToCard)
    MX_FATFS_DeInit                          0x08001369   Thumb Code     6  fatfs.o(i.MX_FATFS_DeInit)
    MX_FATFS_Init                            0x08001375   Thumb Code    18  fatfs.o(i.MX_FATFS_Init)
    NVIC_Init                                0x0800162d   Thumb Code    94  misc.o(i.NVIC_Init)
    RC522_SPI_Transfer                       0x08001691   Thumb Code    48  rc522.o(i.RC522_SPI_Transfer)
    RCC_APB1PeriphClockCmd                   0x080016c5   Thumb Code    18  stm32f10x_rcc.o(i.RCC_APB1PeriphClockCmd)
    RCC_APB1PeriphResetCmd                   0x080016dd   Thumb Code    18  stm32f10x_rcc.o(i.RCC_APB1PeriphResetCmd)
    RCC_APB2PeriphClockCmd                   0x080016f5   Thumb Code    18  stm32f10x_rcc.o(i.RCC_APB2PeriphClockCmd)
    RCC_APB2PeriphResetCmd                   0x0800170d   Thumb Code    18  stm32f10x_rcc.o(i.RCC_APB2PeriphResetCmd)
    RCC_GetClocksFreq                        0x08001725   Thumb Code   132  stm32f10x_rcc.o(i.RCC_GetClocksFreq)
    RCC_GetFlagStatus                        0x080017b9   Thumb Code    42  stm32f10x_rcc.o(i.RCC_GetFlagStatus)
    RCC_GetSYSCLKSource                      0x080017e9   Thumb Code    10  stm32f10x_rcc.o(i.RCC_GetSYSCLKSource)
    RCC_HCLKConfig                           0x080017f9   Thumb Code    14  stm32f10x_rcc.o(i.RCC_HCLKConfig)
    RCC_HSEConfig                            0x0800180d   Thumb Code    48  stm32f10x_rcc.o(i.RCC_HSEConfig)
    RCC_PCLK1Config                          0x08001841   Thumb Code    14  stm32f10x_rcc.o(i.RCC_PCLK1Config)
    RCC_PCLK2Config                          0x08001855   Thumb Code    16  stm32f10x_rcc.o(i.RCC_PCLK2Config)
    RCC_PLLCmd                               0x08001869   Thumb Code     6  stm32f10x_rcc.o(i.RCC_PLLCmd)
    RCC_PLLConfig                            0x08001875   Thumb Code    16  stm32f10x_rcc.o(i.RCC_PLLConfig)
    RCC_SYSCLKConfig                         0x08001889   Thumb Code    14  stm32f10x_rcc.o(i.RCC_SYSCLKConfig)
    RCC_WaitForHSEStartUp                    0x0800189d   Thumb Code    44  stm32f10x_rcc.o(i.RCC_WaitForHSEStartUp)
    Read_MFRC522                             0x080018c9   Thumb Code    56  rc522.o(i.Read_MFRC522)
    RemoveUIDFromFile                        0x08001905   Thumb Code   300  main.o(i.RemoveUIDFromFile)
    SDTimer_Handler                          0x08001ab9   Thumb Code    26  delay.o(i.SDTimer_Handler)
    SD_disk_initialize                       0x08001c81   Thumb Code   302  fatfs_sd.o(i.SD_disk_initialize)
    SD_disk_ioctl                            0x08001db9   Thumb Code   318  fatfs_sd.o(i.SD_disk_ioctl)
    SD_disk_read                             0x08001efd   Thumb Code   132  fatfs_sd.o(i.SD_disk_read)
    SD_disk_status                           0x08001f85   Thumb Code    12  fatfs_sd.o(i.SD_disk_status)
    SD_disk_write                            0x08001f95   Thumb Code   164  fatfs_sd.o(i.SD_disk_write)
    SPI_Cmd                                  0x08002049   Thumb Code    20  stm32f10x_spi.o(i.SPI_Cmd)
    SPI_I2S_DeInit                           0x0800205d   Thumb Code    72  stm32f10x_spi.o(i.SPI_I2S_DeInit)
    SPI_I2S_GetFlagStatus                    0x080020b1   Thumb Code    14  stm32f10x_spi.o(i.SPI_I2S_GetFlagStatus)
    SPI_I2S_ReceiveData                      0x080020bf   Thumb Code     4  stm32f10x_spi.o(i.SPI_I2S_ReceiveData)
    SPI_I2S_SendData                         0x080020c3   Thumb Code     4  stm32f10x_spi.o(i.SPI_I2S_SendData)
    SPI_Init                                 0x080020c7   Thumb Code    56  stm32f10x_spi.o(i.SPI_Init)
    SetBitMask                               0x08002165   Thumb Code    24  rc522.o(i.SetBitMask)
    SysTick_Handler                          0x08002225   Thumb Code    34  delay.o(i.SysTick_Handler)
    Sys_DelayInit                            0x0800224d   Thumb Code    46  delay.o(i.Sys_DelayInit)
    SystemClock_Config                       0x08002285   Thumb Code    96  main.o(i.SystemClock_Config)
    SystemInit                               0x080022e5   Thumb Code    64  system_stm32f10x.o(i.SystemInit)
    TIM2_Config                              0x08002335   Thumb Code    56  delay.o(i.TIM2_Config)
    TIM_Cmd                                  0x0800236d   Thumb Code    20  stm32f10x_tim.o(i.TIM_Cmd)
    TIM_GetCounter                           0x08002381   Thumb Code     4  stm32f10x_tim.o(i.TIM_GetCounter)
    TIM_SetCounter                           0x08002385   Thumb Code     4  stm32f10x_tim.o(i.TIM_SetCounter)
    TIM_TimeBaseInit                         0x08002389   Thumb Code   114  stm32f10x_tim.o(i.TIM_TimeBaseInit)
    UART_SendString                          0x08002425   Thumb Code    36  main.o(i.UART_SendString)
    USART_Cmd                                0x08002449   Thumb Code    20  stm32f10x_usart.o(i.USART_Cmd)
    USART_GetFlagStatus                      0x0800245d   Thumb Code    14  stm32f10x_usart.o(i.USART_GetFlagStatus)
    USART_Init                               0x0800246d   Thumb Code   166  stm32f10x_usart.o(i.USART_Init)
    USART_SendData                           0x08002519   Thumb Code     8  stm32f10x_usart.o(i.USART_SendData)
    USER_initialize                          0x08002521   Thumb Code     4  user_diskio.o(i.USER_initialize)
    USER_ioctl                               0x08002525   Thumb Code     4  user_diskio.o(i.USER_ioctl)
    USER_read                                0x08002529   Thumb Code     4  user_diskio.o(i.USER_read)
    USER_status                              0x0800252d   Thumb Code     4  user_diskio.o(i.USER_status)
    USER_write                               0x08002531   Thumb Code     4  user_diskio.o(i.USER_write)
    Write_MFRC522                            0x08002535   Thumb Code    54  rc522.o(i.Write_MFRC522)
    _is_digit                                0x08002571   Thumb Code    14  __printf_wp.o(i._is_digit)
    clust2sect                               0x080026ab   Thumb Code    28  ff.o(i.clust2sect)
    disk_initialize                          0x08002e19   Thumb Code    36  diskio.o(i.disk_initialize)
    disk_ioctl                               0x08002e41   Thumb Code    22  diskio.o(i.disk_ioctl)
    disk_read                                0x08002e5d   Thumb Code    24  diskio.o(i.disk_read)
    disk_status                              0x08002e79   Thumb Code    18  diskio.o(i.disk_status)
    disk_write                               0x08002e91   Thumb Code    24  diskio.o(i.disk_write)
    f_close                                  0x08002ead   Thumb Code    42  ff.o(i.f_close)
    f_gets                                   0x08002ed7   Thumb Code    72  ff.o(i.f_gets)
    f_lseek                                  0x08002f1f   Thumb Code   584  ff.o(i.f_lseek)
    f_mount                                  0x08003169   Thumb Code    92  ff.o(i.f_mount)
    f_open                                   0x080031c9   Thumb Code   472  ff.o(i.f_open)
    f_read                                   0x080033a5   Thumb Code   376  ff.o(i.f_read)
    f_sync                                   0x0800351d   Thumb Code   162  ff.o(i.f_sync)
    f_truncate                               0x080035bf   Thumb Code   190  ff.o(i.f_truncate)
    f_write                                  0x0800367d   Thumb Code   434  ff.o(i.f_write)
    ff_convert                               0x08003831   Thumb Code    52  ccsbcs.o(i.ff_convert)
    ff_wtoupper                              0x08003869   Thumb Code    28  ccsbcs.o(i.ff_wtoupper)
    get_fat                                  0x08003bdd   Thumb Code   230  ff.o(i.get_fat)
    get_fattime                              0x08003cc3   Thumb Code     4  fatfs.o(i.get_fattime)
    main                                     0x08003da9   Thumb Code   346  main.o(i.main)
    put_fat                                  0x08003fdb   Thumb Code   286  ff.o(i.put_fat)
    Region$$Table$$Base                      0x08004884   Number         0  anon$$obj.o(Region$$Table)
    Region$$Table$$Limit                     0x080048a4   Number         0  anon$$obj.o(Region$$Table)
    button1Pressed                           0x20000000   Data           1  main.o(.data)
    button2Pressed                           0x20000001   Data           1  main.o(.data)
    fres                                     0x20000002   Data           1  main.o(.data)
    UID                                      0x20000003   Data           5  main.o(.data)
    FatFsCnt                                 0x20000008   Data           1  delay.o(.data)
    Timer1                                   0x20000009   Data           1  delay.o(.data)
    Timer2                                   0x2000000a   Data           1  delay.o(.data)
    sysTimingDelay                           0x2000000c   Data           4  delay.o(.data)
    retUSER                                  0x20000010   Data           1  fatfs.o(.data)
    USERPath                                 0x20000011   Data           4  fatfs.o(.data)
    USER_Driver                              0x20000018   Data          20  user_diskio.o(.data)
    SystemCoreClock                          0x20000048   Data           4  system_stm32f10x.o(.data)
    AHBPrescTable                            0x2000004c   Data          16  system_stm32f10x.o(.data)
    str1                                     0x2000005c   Data          17  main.o(.bss)
    str2                                     0x2000006d   Data          17  main.o(.bss)
    fs                                       0x20000080   Data        4144  main.o(.bss)
    fil                                      0x200010b0   Data        4140  main.o(.bss)
    disk                                     0x200020dc   Data          12  ff_gen_drv.o(.bss)
    __libspace_start                         0x200022f4   Data          96  libspace.o(.bss)
    __temporary_stack_top$libspace           0x20002354   Data           0  libspace.o(.bss)



==============================================================================

Memory Map of the image

  Image Entry point : 0x080000ed

  Load Region LR_IROM1 (Base: 0x08000000, Size: 0x00004900, Max: 0x00010000, ABSOLUTE)

    Execution Region ER_IROM1 (Base: 0x08000000, Size: 0x000048a4, Max: 0x00010000, ABSOLUTE)

    Base Addr    Size         Type   Attr      Idx    E Section Name        Object

    0x08000000   0x000000ec   Data   RO         3227    RESET               startup_stm32f10x_md.o
    0x080000ec   0x00000008   Code   RO         3338  * !!!main             c_w.l(__main.o)
    0x080000f4   0x00000034   Code   RO         3504    !!!scatter          c_w.l(__scatter.o)
    0x08000128   0x0000001a   Code   RO         3506    !!handler_copy      c_w.l(__scatter_copy.o)
    0x08000142   0x00000002   PAD
    0x08000144   0x0000001c   Code   RO         3508    !!handler_zi        c_w.l(__scatter_zi.o)
    0x08000160   0x00000000   Code   RO         3325    .ARM.Collect$$_printf_percent$$00000000  c_w.l(_printf_percent.o)
    0x08000160   0x00000006   Code   RO         3324    .ARM.Collect$$_printf_percent$$0000000C  c_w.l(_printf_x.o)
    0x08000166   0x00000004   Code   RO         3347    .ARM.Collect$$_printf_percent$$00000017  c_w.l(_printf_percent_end.o)
    0x0800016a   0x00000002   Code   RO         3374    .ARM.Collect$$libinit$$00000000  c_w.l(libinit.o)
    0x0800016c   0x00000000   Code   RO         3381    .ARM.Collect$$libinit$$00000002  c_w.l(libinit2.o)
    0x0800016c   0x00000000   Code   RO         3383    .ARM.Collect$$libinit$$00000004  c_w.l(libinit2.o)
    0x0800016c   0x00000000   Code   RO         3386    .ARM.Collect$$libinit$$0000000A  c_w.l(libinit2.o)
    0x0800016c   0x00000000   Code   RO         3388    .ARM.Collect$$libinit$$0000000C  c_w.l(libinit2.o)
    0x0800016c   0x00000000   Code   RO         3390    .ARM.Collect$$libinit$$0000000E  c_w.l(libinit2.o)
    0x0800016c   0x00000000   Code   RO         3393    .ARM.Collect$$libinit$$00000011  c_w.l(libinit2.o)
    0x0800016c   0x00000000   Code   RO         3395    .ARM.Collect$$libinit$$00000013  c_w.l(libinit2.o)
    0x0800016c   0x00000000   Code   RO         3397    .ARM.Collect$$libinit$$00000015  c_w.l(libinit2.o)
    0x0800016c   0x00000000   Code   RO         3399    .ARM.Collect$$libinit$$00000017  c_w.l(libinit2.o)
    0x0800016c   0x00000000   Code   RO         3401    .ARM.Collect$$libinit$$00000019  c_w.l(libinit2.o)
    0x0800016c   0x00000000   Code   RO         3403    .ARM.Collect$$libinit$$0000001B  c_w.l(libinit2.o)
    0x0800016c   0x00000000   Code   RO         3405    .ARM.Collect$$libinit$$0000001D  c_w.l(libinit2.o)
    0x0800016c   0x00000000   Code   RO         3407    .ARM.Collect$$libinit$$0000001F  c_w.l(libinit2.o)
    0x0800016c   0x00000000   Code   RO         3409    .ARM.Collect$$libinit$$00000021  c_w.l(libinit2.o)
    0x0800016c   0x00000000   Code   RO         3411    .ARM.Collect$$libinit$$00000023  c_w.l(libinit2.o)
    0x0800016c   0x00000000   Code   RO         3413    .ARM.Collect$$libinit$$00000025  c_w.l(libinit2.o)
    0x0800016c   0x00000000   Code   RO         3417    .ARM.Collect$$libinit$$0000002C  c_w.l(libinit2.o)
    0x0800016c   0x00000000   Code   RO         3419    .ARM.Collect$$libinit$$0000002E  c_w.l(libinit2.o)
    0x0800016c   0x00000000   Code   RO         3421    .ARM.Collect$$libinit$$00000030  c_w.l(libinit2.o)
    0x0800016c   0x00000000   Code   RO         3423    .ARM.Collect$$libinit$$00000032  c_w.l(libinit2.o)
    0x0800016c   0x00000002   Code   RO         3424    .ARM.Collect$$libinit$$00000033  c_w.l(libinit2.o)
    0x0800016e   0x00000002   Code   RO         3444    .ARM.Collect$$libshutdown$$00000000  c_w.l(libshutdown.o)
    0x08000170   0x00000000   Code   RO         3457    .ARM.Collect$$libshutdown$$00000002  c_w.l(libshutdown2.o)
    0x08000170   0x00000000   Code   RO         3459    .ARM.Collect$$libshutdown$$00000004  c_w.l(libshutdown2.o)
    0x08000170   0x00000000   Code   RO         3462    .ARM.Collect$$libshutdown$$00000007  c_w.l(libshutdown2.o)
    0x08000170   0x00000000   Code   RO         3465    .ARM.Collect$$libshutdown$$0000000A  c_w.l(libshutdown2.o)
    0x08000170   0x00000000   Code   RO         3467    .ARM.Collect$$libshutdown$$0000000C  c_w.l(libshutdown2.o)
    0x08000170   0x00000000   Code   RO         3470    .ARM.Collect$$libshutdown$$0000000F  c_w.l(libshutdown2.o)
    0x08000170   0x00000002   Code   RO         3471    .ARM.Collect$$libshutdown$$00000010  c_w.l(libshutdown2.o)
    0x08000172   0x00000000   Code   RO         3340    .ARM.Collect$$rtentry$$00000000  c_w.l(__rtentry.o)
    0x08000172   0x00000000   Code   RO         3349    .ARM.Collect$$rtentry$$00000002  c_w.l(__rtentry2.o)
    0x08000172   0x00000006   Code   RO         3361    .ARM.Collect$$rtentry$$00000004  c_w.l(__rtentry4.o)
    0x08000178   0x00000000   Code   RO         3351    .ARM.Collect$$rtentry$$00000009  c_w.l(__rtentry2.o)
    0x08000178   0x00000004   Code   RO         3352    .ARM.Collect$$rtentry$$0000000A  c_w.l(__rtentry2.o)
    0x0800017c   0x00000000   Code   RO         3354    .ARM.Collect$$rtentry$$0000000C  c_w.l(__rtentry2.o)
    0x0800017c   0x00000008   Code   RO         3355    .ARM.Collect$$rtentry$$0000000D  c_w.l(__rtentry2.o)
    0x08000184   0x00000002   Code   RO         3378    .ARM.Collect$$rtexit$$00000000  c_w.l(rtexit.o)
    0x08000186   0x00000000   Code   RO         3426    .ARM.Collect$$rtexit$$00000002  c_w.l(rtexit2.o)
    0x08000186   0x00000004   Code   RO         3427    .ARM.Collect$$rtexit$$00000003  c_w.l(rtexit2.o)
    0x0800018a   0x00000006   Code   RO         3428    .ARM.Collect$$rtexit$$00000004  c_w.l(rtexit2.o)
    0x08000190   0x00000040   Code   RO         3228    .text               startup_stm32f10x_md.o
    0x080001d0   0x00000028   Code   RO         3277    .text               c_w.l(noretval__2sprintf.o)
    0x080001f8   0x0000004e   Code   RO         3281    .text               c_w.l(_printf_pad.o)
    0x08000246   0x00000002   PAD
    0x08000248   0x00000058   Code   RO         3286    .text               c_w.l(_printf_hex_int.o)
    0x080002a0   0x00000138   Code   RO         3316    .text               c_w.l(__printf_flags_wp.o)
    0x080003d8   0x00000020   Code   RO         3326    .text               c_w.l(strcspn.o)
    0x080003f8   0x00000024   Code   RO         3328    .text               c_w.l(strstr.o)
    0x0800041c   0x0000003e   Code   RO         3330    .text               c_w.l(strlen.o)
    0x0800045a   0x00000064   Code   RO         3332    .text               c_w.l(rt_memcpy_w.o)
    0x080004be   0x00000002   PAD
    0x080004c0   0x00000080   Code   RO         3334    .text               c_w.l(strcmpv7m.o)
    0x08000540   0x00000006   Code   RO         3336    .text               c_w.l(heapauxi.o)
    0x08000546   0x000000b2   Code   RO         3341    .text               c_w.l(_printf_intcommon.o)
    0x080005f8   0x00000030   Code   RO         3343    .text               c_w.l(_printf_char_common.o)
    0x08000628   0x0000000a   Code   RO         3345    .text               c_w.l(_sputc.o)
    0x08000632   0x0000004a   Code   RO         3365    .text               c_w.l(sys_stackheap_outer.o)
    0x0800067c   0x00000012   Code   RO         3367    .text               c_w.l(exit.o)
    0x0800068e   0x00000002   PAD
    0x08000690   0x00000008   Code   RO         3375    .text               c_w.l(libspace.o)
    0x08000698   0x0000000c   Code   RO         3436    .text               c_w.l(sys_exit.o)
    0x080006a4   0x00000002   Code   RO         3447    .text               c_w.l(use_no_semi.o)
    0x080006a6   0x00000000   Code   RO         3449    .text               c_w.l(indicate_semi.o)
    0x080006a6   0x00000002   PAD
    0x080006a8   0x00000204   Code   RO            4    i.AddUIDToFile      main.o
    0x080008ac   0x00000014   Code   RO          299    i.AntennaOn         rc522.o
    0x080008c0   0x000001b8   Code   RO            5    i.AutCard           main.o
    0x08000a78   0x00000018   Code   RO          301    i.ClearBitMask      rc522.o
    0x08000a90   0x0000000c   Code   RO          563    i.DESELECT          fatfs_sd.o
    0x08000a9c   0x00000044   Code   RO          216    i.DWT_Delay_Init    delay.o
    0x08000ae0   0x0000001a   Code   RO          218    i.Delay_Ms          delay.o
    0x08000afa   0x0000001c   Code   RO          219    i.Delay_Us          delay.o
    0x08000b16   0x00000002   PAD
    0x08000b18   0x00000058   Code   RO            6    i.EXTI9_5_IRQHandler  main.o
    0x08000b70   0x0000000c   Code   RO         1334    i.EXTI_ClearITPendingBit  stm32f10x_exti.o
    0x08000b7c   0x0000006c   Code   RO            7    i.EXTI_Config       main.o
    0x08000be8   0x00000020   Code   RO         1338    i.EXTI_GetITStatus  stm32f10x_exti.o
    0x08000c08   0x00000070   Code   RO         1339    i.EXTI_Init         stm32f10x_exti.o
    0x08000c78   0x00000006   Code   RO          713    i.FATFS_LinkDriver  ff_gen_drv.o
    0x08000c7e   0x00000002   PAD
    0x08000c80   0x00000040   Code   RO          714    i.FATFS_LinkDriverEx  ff_gen_drv.o
    0x08000cc0   0x00000006   Code   RO          715    i.FATFS_UnLinkDriver  ff_gen_drv.o
    0x08000cc6   0x00000002   PAD
    0x08000cc8   0x00000034   Code   RO          716    i.FATFS_UnLinkDriverEx  ff_gen_drv.o
    0x08000cfc   0x00000018   Code   RO         1416    i.FLASH_PrefetchBufferCmd  stm32f10x_flash.o
    0x08000d14   0x00000014   Code   RO         1421    i.FLASH_SetLatency  stm32f10x_flash.o
    0x08000d28   0x00000028   Code   RO         1586    i.GPIO_EXTILineConfig  stm32f10x_gpio.o
    0x08000d50   0x0000009c   Code   RO         1589    i.GPIO_Init         stm32f10x_gpio.o
    0x08000dec   0x00000058   Code   RO         1591    i.GPIO_PinRemapConfig  stm32f10x_gpio.o
    0x08000e44   0x00000004   Code   RO         1596    i.GPIO_ResetBits    stm32f10x_gpio.o
    0x08000e48   0x00000004   Code   RO         1597    i.GPIO_SetBits      stm32f10x_gpio.o
    0x08000e4c   0x0000000a   Code   RO         1600    i.GPIO_WriteBit     stm32f10x_gpio.o
    0x08000e56   0x00000018   Code   RO         1712    i.I2C_CheckEvent    stm32f10x_i2c.o
    0x08000e6e   0x00000014   Code   RO         1715    i.I2C_Cmd           stm32f10x_i2c.o
    0x08000e82   0x00000002   PAD
    0x08000e84   0x0000002c   Code   RO         1718    i.I2C_DeInit        stm32f10x_i2c.o
    0x08000eb0   0x00000014   Code   RO         1722    i.I2C_GenerateSTART  stm32f10x_i2c.o
    0x08000ec4   0x00000014   Code   RO         1723    i.I2C_GenerateSTOP  stm32f10x_i2c.o
    0x08000ed8   0x000000bc   Code   RO         1729    i.I2C_Init          stm32f10x_i2c.o
    0x08000f94   0x00000010   Code   RO         1736    i.I2C_Send7bitAddress  stm32f10x_i2c.o
    0x08000fa4   0x00000004   Code   RO         1737    i.I2C_SendData      stm32f10x_i2c.o
    0x08000fa8   0x00000088   Code   RO          443    i.I2C_WriteData     i2c-lcd.o
    0x08001030   0x00000006   Code   RO          444    i.LCD_ClearDisplay  i2c-lcd.o
    0x08001036   0x00000036   Code   RO          445    i.LCD_Init          i2c-lcd.o
    0x0800106c   0x00000034   Code   RO          446    i.LCD_SendCommand   i2c-lcd.o
    0x080010a0   0x00000034   Code   RO          447    i.LCD_SendData      i2c-lcd.o
    0x080010d4   0x00000014   Code   RO          448    i.LCD_SendString    i2c-lcd.o
    0x080010e8   0x0000000e   Code   RO          449    i.LCD_SetCursor     i2c-lcd.o
    0x080010f6   0x00000042   Code   RO          302    i.MFRC522_Anticoll  rc522.o
    0x08001138   0x0000005c   Code   RO          305    i.MFRC522_Init      rc522.o
    0x08001194   0x0000002c   Code   RO          307    i.MFRC522_Request   rc522.o
    0x080011c0   0x00000008   Code   RO          308    i.MFRC522_Reset     rc522.o
    0x080011c8   0x00000098   Code   RO          309    i.MFRC522_SPI_Init  rc522.o
    0x08001260   0x00000108   Code   RO          312    i.MFRC522_ToCard    rc522.o
    0x08001368   0x0000000c   Code   RO          509    i.MX_FATFS_DeInit   fatfs.o
    0x08001374   0x0000001c   Code   RO          510    i.MX_FATFS_Init     fatfs.o
    0x08001390   0x000000f8   Code   RO            8    i.MX_GPIO_Init      main.o
    0x08001488   0x000000c0   Code   RO            9    i.MX_I2C1_Init      main.o
    0x08001548   0x00000054   Code   RO           10    i.MX_SPI1_DeInit    main.o
    0x0800159c   0x00000090   Code   RO           11    i.MX_SPI1_Init      main.o
    0x0800162c   0x00000064   Code   RO         1285    i.NVIC_Init         misc.o
    0x08001690   0x00000034   Code   RO          314    i.RC522_SPI_Transfer  rc522.o
    0x080016c4   0x00000018   Code   RO         1927    i.RCC_APB1PeriphClockCmd  stm32f10x_rcc.o
    0x080016dc   0x00000018   Code   RO         1928    i.RCC_APB1PeriphResetCmd  stm32f10x_rcc.o
    0x080016f4   0x00000018   Code   RO         1929    i.RCC_APB2PeriphClockCmd  stm32f10x_rcc.o
    0x0800170c   0x00000018   Code   RO         1930    i.RCC_APB2PeriphResetCmd  stm32f10x_rcc.o
    0x08001724   0x00000094   Code   RO         1937    i.RCC_GetClocksFreq  stm32f10x_rcc.o
    0x080017b8   0x00000030   Code   RO         1938    i.RCC_GetFlagStatus  stm32f10x_rcc.o
    0x080017e8   0x00000010   Code   RO         1940    i.RCC_GetSYSCLKSource  stm32f10x_rcc.o
    0x080017f8   0x00000014   Code   RO         1941    i.RCC_HCLKConfig    stm32f10x_rcc.o
    0x0800180c   0x00000034   Code   RO         1942    i.RCC_HSEConfig     stm32f10x_rcc.o
    0x08001840   0x00000014   Code   RO         1948    i.RCC_PCLK1Config   stm32f10x_rcc.o
    0x08001854   0x00000014   Code   RO         1949    i.RCC_PCLK2Config   stm32f10x_rcc.o
    0x08001868   0x0000000c   Code   RO         1950    i.RCC_PLLCmd        stm32f10x_rcc.o
    0x08001874   0x00000014   Code   RO         1951    i.RCC_PLLConfig     stm32f10x_rcc.o
    0x08001888   0x00000014   Code   RO         1954    i.RCC_SYSCLKConfig  stm32f10x_rcc.o
    0x0800189c   0x0000002c   Code   RO         1956    i.RCC_WaitForHSEStartUp  stm32f10x_rcc.o
    0x080018c8   0x0000003c   Code   RO          315    i.Read_MFRC522      rc522.o
    0x08001904   0x000001b4   Code   RO           12    i.RemoveUIDFromFile  main.o
    0x08001ab8   0x00000020   Code   RO          220    i.SDTimer_Handler   delay.o
    0x08001ad8   0x00000070   Code   RO          564    i.SD_PowerOn        fatfs_sd.o
    0x08001b48   0x0000001c   Code   RO          565    i.SD_ReadyWait      fatfs_sd.o
    0x08001b64   0x00000048   Code   RO          566    i.SD_RxDataBlock    fatfs_sd.o
    0x08001bac   0x00000066   Code   RO          567    i.SD_SendCmd        fatfs_sd.o
    0x08001c12   0x0000006e   Code   RO          568    i.SD_TxDataBlock    fatfs_sd.o
    0x08001c80   0x00000138   Code   RO          569    i.SD_disk_initialize  fatfs_sd.o
    0x08001db8   0x00000144   Code   RO          570    i.SD_disk_ioctl     fatfs_sd.o
    0x08001efc   0x00000088   Code   RO          571    i.SD_disk_read      fatfs_sd.o
    0x08001f84   0x00000010   Code   RO          572    i.SD_disk_status    fatfs_sd.o
    0x08001f94   0x000000a8   Code   RO          573    i.SD_disk_write     fatfs_sd.o
    0x0800203c   0x0000000c   Code   RO          574    i.SELECT            fatfs_sd.o
    0x08002048   0x00000014   Code   RO         2340    i.SPI_Cmd           stm32f10x_spi.o
    0x0800205c   0x00000054   Code   RO         2347    i.SPI_I2S_DeInit    stm32f10x_spi.o
    0x080020b0   0x0000000e   Code   RO         2348    i.SPI_I2S_GetFlagStatus  stm32f10x_spi.o
    0x080020be   0x00000004   Code   RO         2351    i.SPI_I2S_ReceiveData  stm32f10x_spi.o
    0x080020c2   0x00000004   Code   RO         2352    i.SPI_I2S_SendData  stm32f10x_spi.o
    0x080020c6   0x00000038   Code   RO         2353    i.SPI_Init          stm32f10x_spi.o
    0x080020fe   0x00000002   PAD
    0x08002100   0x00000038   Code   RO          575    i.SPI_RxByte        fatfs_sd.o
    0x08002138   0x0000002c   Code   RO          576    i.SPI_TxByte        fatfs_sd.o
    0x08002164   0x00000018   Code   RO          316    i.SetBitMask        rc522.o
    0x0800217c   0x000000a8   Code   RO         3235    i.SetSysClockTo72   system_stm32f10x.o
    0x08002224   0x00000028   Code   RO          221    i.SysTick_Handler   delay.o
    0x0800224c   0x00000038   Code   RO          222    i.Sys_DelayInit     delay.o
    0x08002284   0x00000060   Code   RO           13    i.SystemClock_Config  main.o
    0x080022e4   0x00000050   Code   RO         3237    i.SystemInit        system_stm32f10x.o
    0x08002334   0x00000038   Code   RO          224    i.TIM2_Config       delay.o
    0x0800236c   0x00000014   Code   RO         2505    i.TIM_Cmd           stm32f10x_tim.o
    0x08002380   0x00000004   Code   RO         2524    i.TIM_GetCounter    stm32f10x_tim.o
    0x08002384   0x00000004   Code   RO         2570    i.TIM_SetCounter    stm32f10x_tim.o
    0x08002388   0x0000009c   Code   RO         2576    i.TIM_TimeBaseInit  stm32f10x_tim.o
    0x08002424   0x00000024   Code   RO           14    i.UART_SendString   main.o
    0x08002448   0x00000014   Code   RO         3040    i.USART_Cmd         stm32f10x_usart.o
    0x0800245c   0x0000000e   Code   RO         3043    i.USART_GetFlagStatus  stm32f10x_usart.o
    0x0800246a   0x00000002   PAD
    0x0800246c   0x000000ac   Code   RO         3047    i.USART_Init        stm32f10x_usart.o
    0x08002518   0x00000008   Code   RO         3057    i.USART_SendData    stm32f10x_usart.o
    0x08002520   0x00000004   Code   RO          661    i.USER_initialize   user_diskio.o
    0x08002524   0x00000004   Code   RO          662    i.USER_ioctl        user_diskio.o
    0x08002528   0x00000004   Code   RO          663    i.USER_read         user_diskio.o
    0x0800252c   0x00000004   Code   RO          664    i.USER_status       user_diskio.o
    0x08002530   0x00000004   Code   RO          665    i.USER_write        user_diskio.o
    0x08002534   0x0000003c   Code   RO          317    i.Write_MFRC522     rc522.o
    0x08002570   0x0000000e   Code   RO         3314    i._is_digit         c_w.l(__printf_wp.o)
    0x0800257e   0x00000002   PAD
    0x08002580   0x00000060   Code   RO          775    i.check_fs          ff.o
    0x080025e0   0x00000010   Code   RO          776    i.chk_chr           ff.o
    0x080025f0   0x00000068   Code   RO          777    i.chk_lock          ff.o
    0x08002658   0x00000024   Code   RO          778    i.clear_lock        ff.o
    0x0800267c   0x0000002e   Code   RO          779    i.clmt_clust        ff.o
    0x080026aa   0x0000001c   Code   RO          780    i.clust2sect        ff.o
    0x080026c6   0x000000a4   Code   RO          781    i.create_chain      ff.o
    0x0800276a   0x00000002   PAD
    0x0800276c   0x000001e0   Code   RO          782    i.create_name       ff.o
    0x0800294c   0x00000030   Code   RO          783    i.dec_lock          ff.o
    0x0800297c   0x00000130   Code   RO          784    i.dir_find          ff.o
    0x08002aac   0x0000011c   Code   RO          785    i.dir_next          ff.o
    0x08002bc8   0x000001b4   Code   RO          787    i.dir_register      ff.o
    0x08002d7c   0x0000009a   Code   RO          789    i.dir_sdi           ff.o
    0x08002e16   0x00000002   PAD
    0x08002e18   0x00000028   Code   RO         1111    i.disk_initialize   diskio.o
    0x08002e40   0x0000001c   Code   RO         1112    i.disk_ioctl        diskio.o
    0x08002e5c   0x0000001c   Code   RO         1113    i.disk_read         diskio.o
    0x08002e78   0x00000018   Code   RO         1114    i.disk_status       diskio.o
    0x08002e90   0x0000001c   Code   RO         1115    i.disk_write        diskio.o
    0x08002eac   0x0000002a   Code   RO          791    i.f_close           ff.o
    0x08002ed6   0x00000048   Code   RO          794    i.f_gets            ff.o
    0x08002f1e   0x00000248   Code   RO          795    i.f_lseek           ff.o
    0x08003166   0x00000002   PAD
    0x08003168   0x00000060   Code   RO          798    i.f_mount           ff.o
    0x080031c8   0x000001dc   Code   RO          799    i.f_open            ff.o
    0x080033a4   0x00000178   Code   RO          804    i.f_read            ff.o
    0x0800351c   0x000000a2   Code   RO          808    i.f_sync            ff.o
    0x080035be   0x000000be   Code   RO          809    i.f_truncate        ff.o
    0x0800367c   0x000001b2   Code   RO          812    i.f_write           ff.o
    0x0800382e   0x00000002   PAD
    0x08003830   0x00000038   Code   RO         1166    i.ff_convert        ccsbcs.o
    0x08003868   0x00000024   Code   RO         1167    i.ff_wtoupper       ccsbcs.o
    0x0800388c   0x00000268   Code   RO          813    i.find_volume       ff.o
    0x08003af4   0x0000006a   Code   RO          814    i.follow_path       ff.o
    0x08003b5e   0x00000002   PAD
    0x08003b60   0x0000007c   Code   RO          815    i.gen_numname       ff.o
    0x08003bdc   0x000000e6   Code   RO          816    i.get_fat           ff.o
    0x08003cc2   0x00000004   Code   RO          511    i.get_fattime       fatfs.o
    0x08003cc6   0x0000003c   Code   RO          818    i.get_ldnumber      ff.o
    0x08003d02   0x00000002   PAD
    0x08003d04   0x0000008c   Code   RO          819    i.inc_lock          ff.o
    0x08003d90   0x00000016   Code   RO          820    i.ld_clust          ff.o
    0x08003da6   0x00000002   PAD
    0x08003da8   0x000001dc   Code   RO           15    i.main              main.o
    0x08003f84   0x00000010   Code   RO          821    i.mem_cpy           ff.o
    0x08003f94   0x0000000e   Code   RO          822    i.mem_set           ff.o
    0x08003fa2   0x00000038   Code   RO          823    i.move_window       ff.o
    0x08003fda   0x0000011e   Code   RO          824    i.put_fat           ff.o
    0x080040f8   0x00000066   Code   RO          826    i.remove_chain      ff.o
    0x0800415e   0x00000010   Code   RO          827    i.st_clust          ff.o
    0x0800416e   0x0000001a   Code   RO          828    i.sum_sfn           ff.o
    0x08004188   0x000000a8   Code   RO          829    i.sync_fs           ff.o
    0x08004230   0x00000052   Code   RO          830    i.sync_window       ff.o
    0x08004282   0x0000002a   Code   RO          831    i.validate          ff.o
    0x080042ac   0x00000023   Data   RO           21    .constdata          main.o
    0x080042cf   0x00000001   PAD
    0x080042d0   0x000000ba   Data   RO          833    .constdata          ff.o
    0x0800438a   0x000004c0   Data   RO         1168    .constdata          ccsbcs.o
    0x0800484a   0x00000028   Data   RO         3287    .constdata          c_w.l(_printf_hex_int.o)
    0x08004872   0x00000011   Data   RO         3317    .constdata          c_w.l(__printf_flags_wp.o)
    0x08004883   0x00000001   PAD
    0x08004884   0x00000020   Data   RO         3502    Region$$Table       anon$$obj.o


    Execution Region RW_IRAM1 (Base: 0x20000000, Size: 0x00002958, Max: 0x00005000, ABSOLUTE)

    Base Addr    Size         Type   Attr      Idx    E Section Name        Object

    0x20000000   0x00000008   Data   RW           23    .data               main.o
    0x20000008   0x00000008   Data   RW          225    .data               delay.o
    0x20000010   0x00000005   Data   RW          514    .data               fatfs.o
    0x20000015   0x00000003   Data   RW          577    .data               fatfs_sd.o
    0x20000018   0x00000014   Data   RW          666    .data               user_diskio.o
    0x2000002c   0x00000008   Data   RW          834    .data               ff.o
    0x20000034   0x00000014   Data   RW         1957    .data               stm32f10x_rcc.o
    0x20000048   0x00000014   Data   RW         3238    .data               system_stm32f10x.o
    0x2000005c   0x00002080   Zero   RW           16    .bss                main.o
    0x200020dc   0x0000000c   Zero   RW          717    .bss                ff_gen_drv.o
    0x200020e8   0x0000020c   Zero   RW          832    .bss                ff.o
    0x200022f4   0x00000060   Zero   RW         3376    .bss                c_w.l(libspace.o)
    0x20002354   0x00000004   PAD
    0x20002358   0x00000200   Zero   RW         3226    HEAP                startup_stm32f10x_md.o
    0x20002558   0x00000400   Zero   RW         3225    STACK               startup_stm32f10x_md.o


==============================================================================

Image component sizes


      Code (inc. data)   RO Data    RW Data    ZI Data      Debug   Object Name

        92         12       1216          0          0       2283   ccsbcs.o
       306         32          0          8          0      26336   delay.o
       148         24          0          0          0       3265   diskio.o
        44         16          0          5          0       5486   fatfs.o
      1504         60          0          3          0      10497   fatfs_sd.o
      6734         84        186          8        524      40235   ff.o
       128          8          0          0         12       7427   ff_gen_drv.o
       334         14          0          0          0       4398   i2c-lcd.o
      2864        772         35          8       8320     307138   main.o
       100          6          0          0          0       1152   misc.o
       866         30          0          0          0       7961   rc522.o
        64         26        236          0       1536        840   startup_stm32f10x_md.o
       156         14          0          0          0       2420   stm32f10x_exti.o
        44         12          0          0          0       1137   stm32f10x_flash.o
       302         12          0          0          0       5432   stm32f10x_gpio.o
       336         16          0          0          0       6995   stm32f10x_i2c.o
       516         88          0         20          0      11811   stm32f10x_rcc.o
       182         12          0          0          0       4795   stm32f10x_spi.o
       184         42          0          0          0       3962   stm32f10x_tim.o
       214          6          0          0          0       4380   stm32f10x_usart.o
       248         24          0         20          0       1985   system_stm32f10x.o
        20          0          0         20          0       3348   user_diskio.o

    ----------------------------------------------------------------------
     15412       1310       1706         92      10392     463283   Object Totals
         0          0         32          0          0          0   (incl. Generated)
        26          0          1          0          0          0   (incl. Padding)

    ----------------------------------------------------------------------

      Code (inc. data)   RO Data    RW Data    ZI Data      Debug   Library Member Name

         8          0          0          0          0         68   __main.o
       312          4         17          0          0         92   __printf_flags_wp.o
        14          0          0          0          0         68   __printf_wp.o
         0          0          0          0          0          0   __rtentry.o
        12          0          0          0          0          0   __rtentry2.o
         6          0          0          0          0          0   __rtentry4.o
        52          8          0          0          0          0   __scatter.o
        26          0          0          0          0          0   __scatter_copy.o
        28          0          0          0          0          0   __scatter_zi.o
        48          6          0          0          0         96   _printf_char_common.o
        88          4         40          0          0         88   _printf_hex_int.o
       178          0          0          0          0         88   _printf_intcommon.o
        78          0          0          0          0        108   _printf_pad.o
         0          0          0          0          0          0   _printf_percent.o
         4          0          0          0          0          0   _printf_percent_end.o
         6          0          0          0          0          0   _printf_x.o
        10          0          0          0          0         68   _sputc.o
        18          0          0          0          0         80   exit.o
         6          0          0          0          0        152   heapauxi.o
         0          0          0          0          0          0   indicate_semi.o
         2          0          0          0          0          0   libinit.o
         2          0          0          0          0          0   libinit2.o
         2          0          0          0          0          0   libshutdown.o
         2          0          0          0          0          0   libshutdown2.o
         8          4          0          0         96         68   libspace.o
        40          6          0          0          0         84   noretval__2sprintf.o
       100          0          0          0          0         80   rt_memcpy_w.o
         2          0          0          0          0          0   rtexit.o
        10          0          0          0          0          0   rtexit2.o
       128          0          0          0          0         68   strcmpv7m.o
        32          0          0          0          0         80   strcspn.o
        62          0          0          0          0         76   strlen.o
        36          0          0          0          0         80   strstr.o
        12          4          0          0          0         68   sys_exit.o
        74          0          0          0          0         80   sys_stackheap_outer.o
         2          0          0          0          0         68   use_no_semi.o

    ----------------------------------------------------------------------
      1420         36         58          0        100       1660   Library Totals
        12          0          1          0          4          0   (incl. Padding)

    ----------------------------------------------------------------------

      Code (inc. data)   RO Data    RW Data    ZI Data      Debug   Library Name

      1408         36         57          0         96       1660   c_w.l

    ----------------------------------------------------------------------
      1420         36         58          0        100       1660   Library Totals

    ----------------------------------------------------------------------

==============================================================================


      Code (inc. data)   RO Data    RW Data    ZI Data      Debug   

     16832       1346       1764         92      10492     456047   Grand Totals
     16832       1346       1764         92      10492     456047   ELF Image Totals
     16832       1346       1764         92          0          0   ROM Totals

==============================================================================

    Total RO  Size (Code + RO Data)                18596 (  18.16kB)
    Total RW  Size (RW Data + ZI Data)             10584 (  10.34kB)
    Total ROM Size (Code + RO Data + RW Data)      18688 (  18.25kB)

==============================================================================

